[    0.000000] Linux version 4.15.0-200-generic (buildd@lcy02-amd64-069) (gcc version 7.5.0 (Ubuntu 7.5.0-3ubuntu1~18.04)) #211-Ubuntu SMP Thu Nov 24 18:16:04 UTC 2022 (Ubuntu 4.15.0-200.211-generic 4.15.18)
[    0.000000] Command line: BOOT_IMAGE=/boot/vmlinuz-4.15.0-200-generic root=LABEL=cloudimg-rootfs ro console=tty1 console=ttyS0
[    0.000000] KERNEL supported cpus:
[    0.000000]   Intel GenuineIntel
[    0.000000]   AMD AuthenticAMD
[    0.000000]   Centaur CentaurHauls
[    0.000000] x86/fpu: Supporting XSAVE feature 0x001: 'x87 floating point registers'
[    0.000000] x86/fpu: Supporting XSAVE feature 0x002: 'SSE registers'
[    0.000000] x86/fpu: Supporting XSAVE feature 0x004: 'AVX registers'
[    0.000000] x86/fpu: xstate_offset[2]:  576, xstate_sizes[2]:  256
[    0.000000] x86/fpu: Enabled xstate features 0x7, context size is 832 bytes, using 'standard' format.
[    0.000000] e820: BIOS-provided physical RAM map:
[    0.000000] BIOS-e820: [mem 0x0000000000000000-0x000000000009fbff] usable
[    0.000000] BIOS-e820: [mem 0x000000000009fc00-0x000000000009ffff] reserved
[    0.000000] BIOS-e820: [mem 0x00000000000f0000-0x00000000000fffff] reserved
[    0.000000] BIOS-e820: [mem 0x0000000000100000-0x0000000063feffff] usable
[    0.000000] BIOS-e820: [mem 0x0000000063ff0000-0x0000000063ffffff] ACPI data
[    0.000000] BIOS-e820: [mem 0x00000000fec00000-0x00000000fec00fff] reserved
[    0.000000] BIOS-e820: [mem 0x00000000fee00000-0x00000000fee00fff] reserved
[    0.000000] BIOS-e820: [mem 0x00000000fffc0000-0x00000000ffffffff] reserved
[    0.000000] NX (Execute Disable) protection: active
[    0.000000] SMBIOS 2.5 present.
[    0.000000] DMI: innotek GmbH VirtualBox/VirtualBox, BIOS VirtualBox 12/01/2006
[    0.000000] Hypervisor detected: KVM
[    0.000000] e820: last_pfn = 0x63ff0 max_arch_pfn = 0x400000000
[    0.000000] MTRR: Disabled
[    0.000000] x86/PAT: MTRRs disabled, skipping PAT initialization too.
[    0.000000] CPU MTRRs all blank - virtualized system.
[    0.000000] x86/PAT: Configuration [0-7]: WB  WT  UC- UC  WB  WT  UC- UC  
[    0.000000] found SMP MP-table at [mem 0x0009fff0-0x0009ffff]
[    0.000000] Scanning 1 areas for low memory corruption
[    0.000000] RAMDISK: [mem 0x359c9000-0x36cdbfff]
[    0.000000] ACPI: Early table checksum verification disabled
[    0.000000] ACPI: RSDP 0x00000000000E0000 000024 (v02 VBOX  )
[    0.000000] ACPI: XSDT 0x0000000063FF0030 00003C (v01 VBOX   VBOXXSDT 00000001 ASL  00000061)
[    0.000000] ACPI: FACP 0x0000000063FF00F0 0000F4 (v04 VBOX   VBOXFACP 00000001 ASL  00000061)
[    0.000000] ACPI: DSDT 0x0000000063FF0610 002353 (v02 VBOX   VBOXBIOS 00000002 INTL 20200528)
[    0.000000] ACPI: FACS 0x0000000063FF0200 000040
[    0.000000] ACPI: FACS 0x0000000063FF0200 000040
[    0.000000] ACPI: APIC 0x0000000063FF0240 00005C (v02 VBOX   VBOXAPIC 00000001 ASL  00000061)
[    0.000000] ACPI: SSDT 0x0000000063FF02A0 00036C (v01 VBOX   VBOXCPUT 00000002 INTL 20200528)
[    0.000000] ACPI: Reserving FACP table memory at [mem 0x63ff00f0-0x63ff01e3]
[    0.000000] ACPI: Reserving DSDT table memory at [mem 0x63ff0610-0x63ff2962]
[    0.000000] ACPI: Reserving FACS table memory at [mem 0x63ff0200-0x63ff023f]
[    0.000000] ACPI: Reserving FACS table memory at [mem 0x63ff0200-0x63ff023f]
[    0.000000] ACPI: Reserving APIC table memory at [mem 0x63ff0240-0x63ff029b]
[    0.000000] ACPI: Reserving SSDT table memory at [mem 0x63ff02a0-0x63ff060b]
[    0.000000] No NUMA configuration found
[    0.000000] Faking a node at [mem 0x0000000000000000-0x0000000063feffff]
[    0.000000] NODE_DATA(0) allocated [mem 0x63fc5000-0x63feffff]
[    0.000000] kvm-clock: cpu 0, msr 0:63f44001, primary cpu clock
[    0.000000] kvm-clock: Using msrs 4b564d01 and 4b564d00
[    0.000000] kvm-clock: using sched offset of 3599725415 cycles
[    0.000000] clocksource: kvm-clock: mask: 0xffffffffffffffff max_cycles: 0x1cd42e4dffb, max_idle_ns: 881590591483 ns
[    0.000000] Zone ranges:
[    0.000000]   DMA      [mem 0x0000000000001000-0x0000000000ffffff]
[    0.000000]   DMA32    [mem 0x0000000001000000-0x0000000063feffff]
[    0.000000]   Normal   empty
[    0.000000]   Device   empty
[    0.000000] Movable zone start for each node
[    0.000000] Early memory node ranges
[    0.000000]   node   0: [mem 0x0000000000001000-0x000000000009efff]
[    0.000000]   node   0: [mem 0x0000000000100000-0x0000000063feffff]
[    0.000000] Reserved but unavailable: 104 pages
[    0.000000] Initmem setup node 0 [mem 0x0000000000001000-0x0000000063feffff]
[    0.000000] ACPI: PM-Timer IO Port: 0x4008
[    0.000000] IOAPIC[0]: apic_id 2, version 32, address 0xfec00000, GSI 0-23
[    0.000000] ACPI: INT_SRC_OVR (bus 0 bus_irq 0 global_irq 2 dfl dfl)
[    0.000000] ACPI: INT_SRC_OVR (bus 0 bus_irq 9 global_irq 9 low level)
[    0.000000] Using ACPI (MADT) for SMP configuration information
[    0.000000] smpboot: Allowing 2 CPUs, 0 hotplug CPUs
[    0.000000] PM: Registered nosave memory: [mem 0x00000000-0x00000fff]
[    0.000000] PM: Registered nosave memory: [mem 0x0009f000-0x0009ffff]
[    0.000000] PM: Registered nosave memory: [mem 0x000a0000-0x000effff]
[    0.000000] PM: Registered nosave memory: [mem 0x000f0000-0x000fffff]
[    0.000000] e820: [mem 0x64000000-0xfebfffff] available for PCI devices
[    0.000000] Booting paravirtualized kernel on KVM
[    0.000000] clocksource: refined-jiffies: mask: 0xffffffff max_cycles: 0xffffffff, max_idle_ns: 7645519600211568 ns
[    0.000000] setup_percpu: NR_CPUS:8192 nr_cpumask_bits:2 nr_cpu_ids:2 nr_node_ids:1
[    0.000000] percpu: Embedded 50 pages/cpu s167936 r8192 d28672 u1048576
[    0.000000] PV qspinlock hash table entries: 256 (order: 0, 4096 bytes)
[    0.000000] Built 1 zonelists, mobility grouping on.  Total pages: 403065
[    0.000000] Policy zone: DMA32
[    0.000000] Kernel command line: BOOT_IMAGE=/boot/vmlinuz-4.15.0-200-generic root=LABEL=cloudimg-rootfs ro console=tty1 console=ttyS0
[    0.000000] Memory: 1562232K/1637944K available (12300K kernel code, 2477K rwdata, 4320K rodata, 2472K init, 2720K bss, 75712K reserved, 0K cma-reserved)
[    0.000000] SLUB: HWalign=64, Order=0-3, MinObjects=0, CPUs=2, Nodes=1
[    0.000000] Kernel/User page tables isolation: enabled
[    0.000000] ftrace: allocating 39478 entries in 155 pages
[    0.004000] Hierarchical RCU implementation.
[    0.004000] 	RCU restricting CPUs from NR_CPUS=8192 to nr_cpu_ids=2.
[    0.004000] 	Tasks RCU enabled.
[    0.004000] RCU: Adjusting geometry for rcu_fanout_leaf=16, nr_cpu_ids=2
[    0.004000] NR_IRQS: 524544, nr_irqs: 440, preallocated irqs: 16
[    0.004000] random: crng init done
[    0.004000] Console: colour VGA+ 80x25
[    0.004000] console [tty1] enabled
[    0.004000] console [ttyS0] enabled
[    0.004000] ACPI: Core revision 20170831
[    0.004000] ACPI: 2 ACPI AML tables successfully acquired and loaded
[    0.004000] APIC: Switch to symmetric I/O mode setup
[    0.004000] x2apic enabled
[    0.004020] Switched APIC routing to physical x2apic.
[    0.012000] ..TIMER: vector=0x30 apic1=0 pin1=2 apic2=-1 pin2=-1
[    0.012006] tsc: Detected 2306.346 MHz processor
[    0.014585] Calibrating delay loop (skipped) preset value.. 4612.69 BogoMIPS (lpj=9225384)
[    0.016003] pid_max: default: 32768 minimum: 301
[    0.020049] Security Framework initialized
[    0.024003] Yama: becoming mindful.
[    0.026304] AppArmor: AppArmor initialized
[    0.032710] Dentry cache hash table entries: 262144 (order: 9, 2097152 bytes)
[    0.037501] Inode-cache hash table entries: 131072 (order: 8, 1048576 bytes)
[    0.040060] Mount-cache hash table entries: 4096 (order: 3, 32768 bytes)
[    0.044060] Mountpoint-cache hash table entries: 4096 (order: 3, 32768 bytes)
[    0.049394] Last level iTLB entries: 4KB 0, 2MB 0, 4MB 0
[    0.052002] Last level dTLB entries: 4KB 0, 2MB 0, 4MB 0, 1GB 0
[    0.056017] Spectre V1 : Mitigation: usercopy/swapgs barriers and __user pointer sanitization
[    0.060006] Spectre V2 : Mitigation: Retpolines
[    0.064002] Spectre V2 : Spectre v2 / SpectreRSB mitigation: Filling RSB on context switch
[    0.068003] Speculative Store Bypass: Vulnerable
[    0.072105] MDS: Mitigation: Clear CPU buffers
[    0.075222] MMIO Stale Data: Mitigation: Clear CPU buffers
[    0.076019] SRBDS: Unknown: Dependent on hypervisor status
[    0.080172] Freeing SMP alternatives memory: 36K
[    0.197207] APIC calibration not consistent with PM-Timer: 101ms instead of 100ms
[    0.200000] APIC delta adjusted to PM-Timer: 6239763 (6309578)
[    0.200207] smpboot: CPU0: Intel(R) Core(TM) i7-1068NG7 CPU @ 2.30GHz (family: 0x6, model: 0x7e, stepping: 0x5)
[    0.204246] Performance Events: unsupported p6 CPU model 126 no PMU driver, software events only.
[    0.208071] Hierarchical SRCU implementation.
[    0.211115] NMI watchdog: Perf event create on CPU 0 failed with -2
[    0.212006] NMI watchdog: Perf NMI watchdog permanently disabled
[    0.216153] smp: Bringing up secondary CPUs ...
[    0.220365] x86: Booting SMP configuration:
[    0.224003] .... node  #0, CPUs:      #1
[    0.004000] kvm-clock: cpu 1, msr 0:63f44041, secondary cpu clock
[    0.230590] smp: Brought up 1 node, 2 CPUs
[    0.232007] smpboot: Max logical packages: 1
[    0.234412] smpboot: Total of 2 processors activated (9225.38 BogoMIPS)
[    0.240004] devtmpfs: initialized
[    0.241984] x86/mm: Memory block size: 128MB
[    0.244319] evm: security.selinux
[    0.247033] evm: security.SMACK64
[    0.248006] evm: security.SMACK64EXEC
[    0.250115] evm: security.SMACK64TRANSMUTE
[    0.252000] evm: security.SMACK64MMAP
[    0.252004] evm: security.apparmor
[    0.253959] evm: security.ima
[    0.256003] evm: security.capability
[    0.258155] clocksource: jiffies: mask: 0xffffffff max_cycles: 0xffffffff, max_idle_ns: 7645041785100000 ns
[    0.260033] futex hash table entries: 512 (order: 3, 32768 bytes)
[    0.264117] pinctrl core: initialized pinctrl subsystem
[    0.267645] RTC time: 13:31:32, date: 12/31/22
[    0.268726] NET: Registered protocol family 16
[    0.272103] audit: initializing netlink subsys (disabled)
[    0.276090] audit: type=2000 audit(1672493497.497:1): state=initialized audit_enabled=0 res=1
[    0.280000] cpuidle: using governor ladder
[    0.280010] cpuidle: using governor menu
[    0.282394] ACPI: bus type PCI registered
[    0.284009] acpiphp: ACPI Hot Plug PCI Controller Driver version: 0.5
[    0.288335] PCI: Using configuration type 1 for base access
[    0.293194] HugeTLB registered 2.00 MiB page size, pre-allocated 0 pages
[    0.300116] ACPI: Added _OSI(Module Device)
[    0.302575] ACPI: Added _OSI(Processor Device)
[    0.304024] ACPI: Added _OSI(3.0 _SCP Extensions)
[    0.308011] ACPI: Added _OSI(Processor Aggregator Device)
[    0.310982] ACPI: Added _OSI(Linux-Dell-Video)
[    0.312003] ACPI: Added _OSI(Linux-Lenovo-NV-HDMI-Audio)
[    0.314909] ACPI: Added _OSI(Linux-HPI-Hybrid-Graphics)
[    0.316616] ACPI: Executed 1 blocks of module-level executable AML code
[    0.326802] ACPI: Interpreter enabled
[    0.328013] ACPI: (supports S0 S5)
[    0.330009] ACPI: Using IOAPIC for interrupt routing
[    0.332418] PCI: Using host bridge windows from ACPI; if necessary, use "pci=nocrs" and report a bug
[    0.336221] ACPI: Enabled 2 GPEs in block 00 to 07
[    0.349936] ACPI: PCI Root Bridge [PCI0] (domain 0000 [bus 00-ff])
[    0.352007] acpi PNP0A03:00: _OSC: OS supports [ASPM ClockPM Segments MSI]
[    0.356687] acpi PNP0A03:00: _OSC: not requesting OS control; OS requires [ExtendedConfig ASPM ClockPM MSI]
[    0.360022] acpi PNP0A03:00: fail to add MMCONFIG information, can't access extended PCI configuration space under this bridge.
[    0.364643] PCI host bridge to bus 0000:00
[    0.368005] pci_bus 0000:00: root bus resource [io  0x0000-0x0cf7 window]
[    0.372003] pci_bus 0000:00: root bus resource [io  0x0d00-0xffff window]
[    0.376008] pci_bus 0000:00: root bus resource [mem 0x000a0000-0x000bffff window]
[    0.380010] pci_bus 0000:00: root bus resource [mem 0x64000000-0xfdffffff window]
[    0.384005] pci_bus 0000:00: root bus resource [bus 00-ff]
[    0.392000] pci 0000:00:01.1: legacy IDE quirk: reg 0x10: [io  0x01f0-0x01f7]
[    0.392005] pci 0000:00:01.1: legacy IDE quirk: reg 0x14: [io  0x03f6]
[    0.396003] pci 0000:00:01.1: legacy IDE quirk: reg 0x18: [io  0x0170-0x0177]
[    0.400003] pci 0000:00:01.1: legacy IDE quirk: reg 0x1c: [io  0x0376]
[    0.450535] pci 0000:00:07.0: quirk: [io  0x4000-0x403f] claimed by PIIX4 ACPI
[    0.452040] pci 0000:00:07.0: quirk: [io  0x4100-0x410f] claimed by PIIX4 SMB
[    0.484186] ACPI: PCI Interrupt Link [LNKA] (IRQs 5 9 10 *11)
[    0.488000] ACPI: PCI Interrupt Link [LNKB] (IRQs 5 9 *10 11)
[    0.488213] ACPI: PCI Interrupt Link [LNKC] (IRQs 5 *9 10 11)
[    0.496115] ACPI: PCI Interrupt Link [LNKD] (IRQs 5 9 10 *11)
[    0.499858] SCSI subsystem initialized
[    0.500115] pci 0000:00:02.0: vgaarb: setting as boot VGA device
[    0.503730] pci 0000:00:02.0: vgaarb: VGA device added: decodes=io+mem,owns=io+mem,locks=none
[    0.504018] pci 0000:00:02.0: vgaarb: bridge control possible
[    0.507699] vgaarb: loaded
[    0.508062] ACPI: bus type USB registered
[    0.510398] usbcore: registered new interface driver usbfs
[    0.512012] usbcore: registered new interface driver hub
[    0.516044] usbcore: registered new device driver usb
[    0.520161] EDAC MC: Ver: 3.0.0
[    0.524104] PCI: Using ACPI for IRQ routing
[    0.527923] NetLabel: Initializing
[    0.527923] NetLabel:  domain hash size = 128
[    0.527923] NetLabel:  protocols = UNLABELED CIPSOv4 CALIPSO
[    0.528000] NetLabel:  unlabeled traffic allowed by default
[    0.528130] clocksource: Switched to clocksource kvm-clock
[    0.532000] VFS: Disk quotas dquot_6.6.0
[    0.554029] VFS: Dquot-cache hash table entries: 512 (order 0, 4096 bytes)
[    0.558982] AppArmor: AppArmor Filesystem Enabled
[    0.562654] pnp: PnP ACPI init
[    0.567460] pnp: PnP ACPI: found 3 devices
[    0.577736] clocksource: acpi_pm: mask: 0xffffff max_cycles: 0xffffff, max_idle_ns: 2085701024 ns
[    0.583579] NET: Registered protocol family 2
[    0.587036] IP idents hash table entries: 32768 (order: 6, 262144 bytes)
[    0.591440] TCP established hash table entries: 16384 (order: 5, 131072 bytes)
[    0.596365] TCP bind hash table entries: 16384 (order: 6, 262144 bytes)
[    0.600162] TCP: Hash tables configured (established 16384 bind 16384)
[    0.605579] UDP hash table entries: 1024 (order: 3, 32768 bytes)
[    0.609223] UDP-Lite hash table entries: 1024 (order: 3, 32768 bytes)
[    0.609319] NET: Registered protocol family 1
[    0.616464] pci 0000:00:00.0: Limiting direct PCI/PCI transfers
[    0.620418] pci 0000:00:01.0: Activating ISA DMA hang workarounds
[    0.625269] pci 0000:00:02.0: Video device with shadowed ROM at [mem 0x000c0000-0x000dffff]
[    0.629105] Unpacking initramfs...
[    0.977135] Freeing initrd memory: 19532K
[    0.977135] clocksource: tsc: mask: 0xffffffffffffffff max_cycles: 0x213ea0092f4, max_idle_ns: 440795301493 ns
[    0.990095] platform rtc_cmos: registered platform RTC device (no PNP device found)
[    0.995027] Scanning for low memory corruption every 60 seconds
[    0.999868] Initialise system trusted keyrings
[    1.003032] Key type blacklist registered
[    1.006393] workingset: timestamp_bits=36 max_order=19 bucket_order=0
[    1.010333] zbud: loaded
[    1.014159] squashfs: version 4.0 (2009/01/31) Phillip Lougher
[    1.018015] fuse init (API version 7.26)
[    1.027328] Key type asymmetric registered
[    1.029917] Asymmetric key parser 'x509' registered
[    1.031320] Block layer SCSI generic (bsg) driver version 0.4 loaded (major 246)
[    1.038598] io scheduler noop registered
[    1.041830] io scheduler deadline registered
[    1.045226] io scheduler cfq registered (default)
[    1.049170] ACPI: AC Adapter [AC] (on-line)
[    1.052164] input: Power Button as /devices/LNXSYSTM:00/LNXPWRBN:00/input/input0
[    1.057821] ACPI: Power Button [PWRF]
[    1.060405] input: Sleep Button as /devices/LNXSYSTM:00/LNXSLPBN:00/input/input1
[    1.064275] ACPI: Sleep Button [SLPF]
[    1.068680] Serial: 8250/16550 driver, 32 ports, IRQ sharing enabled
[    1.070909] ACPI: Battery Slot [BAT0] (battery present)
[    1.101418] 00:02: ttyS0 at I/O 0x3f8 (irq = 4, base_baud = 115200) is a 16550A
[    1.104713] Linux agpgart interface v0.103
[    1.113382] loop: module loaded
[    1.116800] scsi host0: ata_piix
[    1.119616] scsi host1: ata_piix
[    1.121907] ata1: PATA max UDMA/33 cmd 0x1f0 ctl 0x3f6 bmdma 0xd000 irq 14
[    1.126139] ata2: PATA max UDMA/33 cmd 0x170 ctl 0x376 bmdma 0xd008 irq 15
[    1.131250] tun: Universal TUN/TAP device driver, 1.6
[    1.134713] PPP generic driver version 2.4.2
[    1.138067] ehci_hcd: USB 2.0 'Enhanced' Host Controller (EHCI) Driver
[    1.138581] ehci-pci: EHCI PCI platform driver
[    1.144917] ehci-platform: EHCI generic platform driver
[    1.148625] ohci_hcd: USB 1.1 'Open' Host Controller (OHCI) Driver
[    1.153219] ohci-pci: OHCI PCI platform driver
[    1.156334] ohci-platform: OHCI generic platform driver
[    1.157177] uhci_hcd: USB Universal Host Controller Interface driver
[    1.163883] i8042: PNP: PS/2 Controller [PNP0303:PS2K,PNP0f03:PS2M] at 0x60,0x64 irq 1,12
[    1.171470] serio: i8042 KBD port at 0x60,0x64 irq 1
[    1.174611] serio: i8042 AUX port at 0x60,0x64 irq 12
[    1.177898] mousedev: PS/2 mouse device common for all mice
[    1.182677] input: AT Translated Set 2 keyboard as /devices/platform/i8042/serio0/input/input2
[    1.188543] rtc_cmos rtc_cmos: rtc core: registered rtc_cmos as rtc0
[    1.193051] rtc_cmos rtc_cmos: alarms up to one day, 114 bytes nvram
[    1.196565] i2c /dev entries driver
[    1.198632] device-mapper: uevent: version 1.0.3
[    1.201601] device-mapper: ioctl: 4.37.0-ioctl (2017-09-20) initialised: dm-devel@redhat.com
[    1.206768] ledtrig-cpu: registered to indicate activity on CPUs
[    1.211106] NET: Registered protocol family 10
[    1.218452] Segment Routing with IPv6
[    1.220840] NET: Registered protocol family 17
[    1.223550] Key type dns_resolver registered
[    1.226310] mce: Using 0 MCE banks
[    1.228316] RAS: Correctable Errors collector initialized.
[    1.231387] sched_clock: Marking stable (1231331964, 0)->(1738812771, -507480807)
[    1.237971] registered taskstats version 1
[    1.240674] Loading compiled-in X.509 certificates
[    1.246256] Loaded X.509 cert 'Build time autogenerated kernel key: 29e5beaa583364da097e68c9386761f80dbce7ef'
[    1.252525] Loaded X.509 cert 'Canonical Ltd. Live Patch Signing: 14df34d1a87cf37625abec039ef2bf521249b969'
[    1.258878] Loaded X.509 cert 'Canonical Ltd. Kernel Module Signing: 88f752e560a1e0737e31163a466ad7b70a850c19'
[    1.264380] blacklist: Loading compiled-in revocation X.509 certificates
[    1.268241] Loaded X.509 cert 'Canonical Ltd. Secure Boot Signing: 61482aa2830d0ab2ad5af10b7250da9033ddcef0'
[    1.274305] zswap: loaded using pool lzo/zbud
[    1.282223] Key type big_key registered
[    1.284544] Key type trusted registered
[    1.340062] Key type encrypted registered
[    1.342404] AppArmor: AppArmor sha1 policy hashing enabled
[    1.345514] ima: No TPM chip found, activating TPM-bypass! (rc=-19)
[    1.349450] ima: Allocated hash algorithm: sha1
[    1.352581] evm: HMAC attrs: 0x1
[    1.355581]   Magic number: 2:225:535
[    1.357856] tty ttyS15: hash matches
[    1.360536] rtc_cmos rtc_cmos: setting system clock to 2022-12-31 13:31:33 UTC (1672493493)
[    1.365329] BIOS EDD facility v0.16 2004-Jun-25, 0 devices found
[    1.369065] EDD information not available.
[    1.374326] Freeing unused kernel image memory: 2472K
[    1.400213] Write protecting the kernel read-only data: 20480k
[    1.406640] Freeing unused kernel image memory: 2008K
[    1.411103] Freeing unused kernel image memory: 1824K
[    1.419754] x86/mm: Checked W+X mappings: passed, no W+X pages found.
[    1.423391] x86/mm: Checking user space page tables
[    1.431038] x86/mm: Checked W+X mappings: passed, no W+X pages found.
Loading, please wait...
starting version 237
[    1.500534] e1000: Intel(R) PRO/1000 Network Driver - version 7.3.21-k8-NAPI
[    1.506849] e1000: Copyright (c) 1999-2006 Intel Corporation.
[    1.521926] Fusion MPT base driver 3.04.20
[    1.524849] Copyright (c) 1999-2008 LSI Corporation
[    1.542514] Fusion MPT SPI Host driver 3.04.20
[    1.556741] AVX2 version of gcm_enc/dec engaged.
[    1.560834] AES CTR mode by8 optimization enabled
[    1.824557] input: ImExPS/2 Generic Explorer Mouse as /devices/platform/i8042/serio1/input/input4
[    2.062984] e1000 0000:00:03.0 eth0: (PCI:33MHz:32-bit) 02:40:49:ac:f0:20
[    2.066847] e1000 0000:00:03.0 eth0: Intel(R) PRO/1000 Network Connection
[    2.072235] mptbase: ioc0: Initiating bringup
[    2.187158] ioc0: LSI53C1030 A0: Capabilities={Initiator}
[    2.456630] scsi host2: ioc0: LSI53C1030 A0, FwRev=00000000h, Ports=1, MaxQ=256, IRQ=20
[    2.634619] scsi 2:0:0:0: Direct-Access     VBOX     HARDDISK         1.0  PQ: 0 ANSI: 5
[    2.676857] scsi target2:0:0: Beginning Domain Validation
[    2.683787] scsi target2:0:0: Domain Validation skipping write tests
[    2.687926] scsi target2:0:0: Ending Domain Validation
[    2.691561] scsi target2:0:0: asynchronous
[    2.695891] scsi 2:0:1:0: Direct-Access     VBOX     HARDDISK         1.0  PQ: 0 ANSI: 5
[    3.080796] scsi target2:0:1: Beginning Domain Validation
[    3.086712] scsi target2:0:1: Domain Validation skipping write tests
[    3.090843] scsi target2:0:1: Ending Domain Validation
[    3.094354] scsi target2:0:1: asynchronous
[    3.102541] sd 2:0:0:0: [sda] 83886080 512-byte logical blocks: (42.9 GB/40.0 GiB)
[    3.108416] sd 2:0:0:0: [sda] Write Protect is off
[    3.111686] sd 2:0:0:0: [sda] Incomplete mode parameter data
[    3.115598] sd 2:0:0:0: [sda] Assuming drive cache: write through
[    3.120501] sd 2:0:0:0: Attached scsi generic sg0 type 0
[    3.126143] sd 2:0:1:0: [sdb] 20480 512-byte logical blocks: (10.5 MB/10.0 MiB)
[    3.130822] sd 2:0:1:0: [sdb] Write Protect is off
[    3.135151] sd 2:0:1:0: [sdb] Incomplete mode parameter data
[    3.135934] e1000 0000:00:08.0 eth1: (PCI:33MHz:32-bit) 08:00:27:b2:b0:d6
[    3.139856] sd 2:0:1:0: [sdb] Assuming drive cache: write through
[    3.144296] e1000 0000:00:08.0 eth1: Intel(R) PRO/1000 Network Connection
[    3.148077] sd 2:0:1:0: Attached scsi generic sg1 type 0
[    3.155758]  sda: sda1
[    3.160625] sd 2:0:0:0: [sda] Attached SCSI disk
[    3.166612] sd 2:0:1:0: [sdb] Attached SCSI disk
[    3.635268] e1000 0000:00:09.0 eth2: (PCI:33MHz:32-bit) 08:00:27:5c:78:84
[    3.640448] e1000 0000:00:09.0 eth2: Intel(R) PRO/1000 Network Connection
[    3.646615] e1000 0000:00:09.0 enp0s9: renamed from eth2
[    3.664367] e1000 0000:00:08.0 enp0s8: renamed from eth1
[    3.755669] e1000 0000:00:03.0 enp0s3: renamed from eth0
Begin: Loading essential drivers ... [    5.689185] raid6: sse2x1   gen() 14089 MB/s
[    5.736174] raid6: sse2x1   xor()  8477 MB/s
[    5.784033] raid6: sse2x2   gen() 17443 MB/s
[    5.832458] raid6: sse2x2   xor() 11559 MB/s
[    5.880225] raid6: sse2x4   gen() 17607 MB/s
[    5.928038] raid6: sse2x4   xor() 10568 MB/s
[    5.977118] raid6: avx2x1   gen() 27524 MB/s
[    6.025300] raid6: avx2x1   xor() 15980 MB/s
[    6.072983] raid6: avx2x2   gen() 31672 MB/s
[    6.120159] raid6: avx2x2   xor() 21449 MB/s
[    6.168369] raid6: avx2x4   gen() 34240 MB/s
[    6.216243] raid6: avx2x4   xor() 18951 MB/s
[    6.222196] raid6: using algorithm avx2x4 gen() 34240 MB/s
[    6.225448] raid6: .... xor() 18951 MB/s, rmw enabled
[    6.228458] raid6: using avx2x2 recovery algorithm
[    6.233624] xor: automatically using best checksumming function   avx       
[    6.239942] async_tx: api initialized (async)
done.
Begin: Running /scripts/init-premount ... done.
Begin: Mounting root file system ... Begin: Running /scripts/local-top ... done.
Begin: Running /scripts/local-premount ... [    6.295768] Btrfs loaded, crc32c=crc32c-intel
Scanning for Btrfs filesystems
done.
Warning: fsck not present, so skipping root file system
[    6.335747] EXT4-fs (sda1): mounted filesystem with ordered data mode. Opts: (null)
done.
Begin: Running /scripts/local-bottom ... done.
Begin: Running /scripts/init-bottom ... done.
[    6.530999] ip_tables: (C) 2000-2006 Netfilter Core Team
[    6.547544] systemd[1]: systemd 237 running in system mode. (+PAM +AUDIT +SELINUX +IMA +APPARMOR +SMACK +SYSVINIT +UTMP +LIBCRYPTSETUP +GCRYPT +GNUTLS +ACL +XZ +LZ4 +SECCOMP +BLKID +ELFUTILS +KMOD -IDN2 +IDN -PCRE2 default-hierarchy=hybrid)
[    6.559401] systemd[1]: Detected virtualization oracle.
[    6.562417] systemd[1]: Detected architecture x86-64.

Welcome to [1mUbuntu 18.04.6 LTS[0m!

[    6.579930] systemd[1]: Set hostname to <ubuntu-bionic>.
[    6.876701] systemd[1]: Reached target System Time Synchronized.
[[0;32m  OK  [0m] Reached target System Time Synchronized.
[    6.881635] systemd[1]: Reached target Swap.
[[0;32m  OK  [0m] Reached target Swap.
[    6.885271] systemd[1]: Started Forward Password Requests to Wall Directory Watch.
[[0;32m  OK  [0m] Started Forward Password Requests to Wall Directory Watch.
[    6.897419] systemd[1]: Created slice User and Session Slice.
[[0;32m  OK  [0m] Created slice User and Session Slice.
[    6.902381] systemd[1]: Created slice System Slice.
[[0;32m  OK  [0m] Created slice System Slice.
[    6.906754] systemd[1]: Listening on Device-mapper event daemon FIFOs.
[[0;32m  OK  [0m] Listening on Device-mapper event daemon FIFOs.
[[0;32m  OK  [0m] Listening on LVM2 metadata daemon socket.
[[0;32m  OK  [0m] Listening on udev Control Socket.
[[0;32m  OK  [0m] Listening on /dev/initctl Compatibility Named Pipe.
[[0;32m  OK  [0m] Listening on Journal Socket (/dev/log).
[[0;32m  OK  [0m] Created slice system-serial\x2dgetty.slice.
[[0;32m  OK  [0m] Listening on LVM2 poll daemon socket.
[[0;32m  OK  [0m] Listening on Journal Socket.
         Starting Uncomplicated firewall...
         Mounting POSIX Message Queue File System...
         Mounting Huge Pages File System...
         Mounting Kernel Debug File System...
         Starting Set the console keyboard layout...
         Starting Load Kernel Modules...
         Starting Create list of required stâ€¦ce nodes for the current kernel...
[[0;32m  OK  [0m] Listening on fsck to fsckd communication Socket.
[[0;32m  OK  [0m] Listening on Syslog Socket.
[[0;32m  OK  [0m] Listening on Network Service Netlink Socket.
[[0;32m  OK  [0m] Reached target User and Group Name Lookups.
         Starting Monitoring of LVM2 mirrorsâ€¦ng dmeventd or progress polling...
         Starting File System Check on Root Device...
[[0;32m  OK  [0m] Listening on udev Kernel Socket.
         Starting udev Coldplug all Devices...
[    6.972501] Loading iSCSI transport class v2.0-870.
[[0;32m  OK  [0m] Reached target Slices.
[[0;32m  OK  [0m] Listening on Journal Audit Socket.
         Starting Journal Service...
[[0;32m  OK  [0m] Set up automount Arbitrary Executabâ€¦rmats File System Automount Point.
[    7.042926] iscsi: registered transport (tcp)
[    7.064333] iscsi: registered transport (iser)
[[0;32m  OK  [0m] Started Uncomplicated firewall.
[[0;32m  OK  [0m] Mounted POSIX Message Queue File System.
[[0;32m  OK  [0m] Mounted Huge Pages File System.
[[0;32m  OK  [0m] Mounted Kernel Debug File System.
[[0;32m  OK  [0m] Started Load Kernel Modules.
[[0;32m  OK  [0m] Started Create list of required staâ€¦vice nodes for the current kernel.
[[0;32m  OK  [0m] Started File System Check Daemon to report status.
[[0;32m  OK  [0m] Started LVM2 metadata daemon.
         Starting Create Static Device Nodes in /dev...
         Mounting FUSE Control File System...
         Mounting Kernel Configuration File System...
         Starting Apply Kernel Variables...
[[0;32m  OK  [0m] Mounted FUSE Control File System.
[[0;32m  OK  [0m] Mounted Kernel Configuration File System.
[[0;32m  OK  [0m] Started Journal Service.
[[0;32m  OK  [0m] Started udev Coldplug all Devices.
[[0;32m  OK  [0m] Started Create Static Device Nodes in /dev.
[[0;32m  OK  [0m] Started File System Check on Root Device.
         Starting Remount Root and Kernel File Systems...
[[0;32m  OK  [0m] Started Monitoring of LVM2 mirrors,â€¦sing dmeventd or progress polling.
[[0;32m  OK  [0m] Started Apply Kernel Variables.
[[0;32m  OK  [0m] Started Remount Root and Kernel File Systems.
         Starting Flush Journal to Persistent Storage...
         Starting udev Kernel Device Manager...
         Starting Load/Save Random Seed...
[[0;32m  OK  [0m] Started Set the console keyboard layout.
[[0;32m  OK  [0m] Reached target Local File Systems (Pre).
[[0;32m  OK  [0m] Reached target Local File Systems.
         Starting Set console font and keymap...
         Starting AppArmor initialization...
         Starting ebtables ruleset management...
         Starting Tell Plymouth To Write Out Runtime Data...
[[0;32m  OK  [0m] Started Load/Save Random Seed.
[[0;32m  OK  [0m] Started Set console font and keymap.
[[0;32m  OK  [0m] Started Tell Plymouth To Write Out Runtime Data.
[[0;32m  OK  [0m] Started udev Kernel Device Manager.
[[0;32m  OK  [0m] Started Dispatch Password Requests to Console Directory Watch.
[[0;32m  OK  [0m] Reached target Local Encrypted Volumes.
[[0;32m  OK  [0m] Started Flush Journal to Persistent Storage.
         Starting Create Volatile Files and Directories...
[[0;32m  OK  [0m] Started Create Volatile Files and Directories.
         Starting Update UTMP about System Boot/Shutdown...
[[0;32m  OK  [0m] Started Update UTMP about System Boot/Shutdown.
[[0;32m  OK  [0m] Started ebtables ruleset management.
[[0;32m  OK  [0m] Found device /dev/ttyS0.
[[0;32m  OK  [0m] Listening on Load/Save RF Kill Switch Status /dev/rfkill Watch.
[[0;32m  OK  [0m] Started AppArmor initialization.
         Starting Load AppArmor profiles managed internally by snapd...
         Starting Initial cloud-init job (pre-networking)...
         Mounting Arbitrary Executable File Formats File System...
[[0;32m  OK  [0m] Mounted Arbitrary Executable File Formats File System.
[[0;32m  OK  [0m] Started Load AppArmor profiles managed internally by snapd.
[    9.209201] cloud-init[559]: Cloud-init v. 22.4.2-0ubuntu0~18.04.1 running 'init-local' at Sat, 31 Dec 2022 13:31:41 +0000. Up 9.03 seconds.
[[0;32m  OK  [0m] Started Initial cloud-init job (pre-networking).
[[0;32m  OK  [0m] Reached target Network (Pre).
         Starting Network Service...
[[0;32m  OK  [0m] Started Network Service.
         Starting Network Name Resolution...
         Starting Wait for Network to be Configured...
[[0;32m  OK  [0m] Started Network Name Resolution.
[[0;32m  OK  [0m] Reached target Host and Network Name Lookups.
[[0;32m  OK  [0m] Reached target Network.
[[0;32m  OK  [0m] Started Wait for Network to be Configured.
         Starting Initial cloud-init job (metadata service crawler)...
[   11.920928] cloud-init[672]: Cloud-init v. 22.4.2-0ubuntu0~18.04.1 running 'init' at Sat, 31 Dec 2022 13:31:43 +0000. Up 11.78 seconds.
[   11.927569] cloud-init[672]: ci-info: ++++++++++++++++++++++++++++++++++++++Net device info+++++++++++++++++++++++++++++++++++++++
[   11.932469] cloud-init[672]: ci-info: +--------+------+-----------------------------+---------------+--------+-------------------+
[   11.937731] cloud-init[672]: ci-info: | Device |  Up  |           Address           |      Mask     | Scope  |     Hw-Address    |
[   11.943534] cloud-init[672]: ci-info: +--------+------+-----------------------------+---------------+--------+-------------------+
[   11.948630] cloud-init[672]: ci-info: | enp0s3 | True |          10.0.2.15          | 255.255.255.0 | global | 02:40:49:ac:f0:20 |
[   11.953945] cloud-init[672]: ci-info: | enp0s3 | True |  fe80::40:49ff:feac:f020/64 |       .       |  link  | 02:40:49:ac:f0:20 |
[   11.959278] cloud-init[672]: ci-info: | enp0s8 | True |        192.168.23.12        | 255.255.255.0 | global | 08:00:27:b2:b0:d6 |
[   11.964098] cloud-init[672]: ci-info: | enp0s8 | True | fe80::a00:27ff:feb2:b0d6/64 |       .       |  link  | 08:00:27:b2:b0:d6 |
[   11.968705] cloud-init[672]: ci-info: | enp0s9 | True |         192.168.0.55        | 255.255.255.0 | global | 08:00:27:5c:78:84 |
[   11.973565] cloud-init[672]: ci-info: | enp0s9 | True | fe80::a00:27ff:fe5c:7884/64 |       .       |  link  | 08:00:27:5c:78:84 |
[   11.979612] cloud-init[672]: ci-info: |   lo   | True |          127.0.0.1          |   255.0.0.0   |  host  |         .         |
[   11.984820] cloud-init[672]: ci-info: |   lo   | True |           ::1/128           |       .       |  host  |         .         |
[   11.989958] cloud-init[672]: ci-info: +--------+------+-----------------------------+---------------+--------+-------------------+
[   11.993557] cloud-init[672]: ci-info: ++++++++++++++++++++++++++++++Route IPv4 info+++++++++++++++++++++++++++++++
[   11.998157] cloud-init[672]: ci-info: +-------+--------------+-------------+-----------------+-----------+-------+
[   12.002431] cloud-init[672]: ci-info: | Route | Destination  |   Gateway   |     Genmask     | Interface | Flags |
[   12.006548] cloud-init[672]: ci-info: +-------+--------------+-------------+-----------------+-----------+-------+
[   12.011012] cloud-init[672]: ci-info: |   0   |   0.0.0.0    |   10.0.2.2  |     0.0.0.0     |   enp0s3  |   UG  |
[   12.016050] cloud-init[672]: ci-info: |   1   |   0.0.0.0    | 192.168.0.1 |     0.0.0.0     |   enp0s9  |   UG  |
[   12.020829] cloud-init[672]: ci-info: |   2   |   10.0.2.0   |   0.0.0.0   |  255.255.255.0  |   enp0s3  |   U   |
[   12.025469] cloud-init[672]: ci-info: |   3   |   10.0.2.2   |   0.0.0.0   | 255.255.255.255 |   enp0s3  |   UH  |
[   12.030432] cloud-init[672]: ci-info: |   4   | 192.168.0.0  |   0.0.0.0   |  255.255.255.0  |   enp0s9  |   U   |
[   12.034805] cloud-init[672]: ci-info: |   5   | 192.168.0.1  |   0.0.0.0   | 255.255.255.255 |   enp0s9  |   UH  |
[   12.038946] cloud-init[672]: ci-info: |   6   | 192.168.23.0 |   0.0.0.0   |  255.255.255.0  |   enp0s8  |   U   |
[   12.043410] cloud-init[672]: ci-info: +-------+--------------+-------------+-----------------+-----------+-------+
[   12.047854] cloud-init[672]: ci-info: +++++++++++++++++++Route IPv6 info+++++++++++++++++++
[   12.051662] cloud-init[672]: ci-info: +-------+-------------+---------+-----------+-------+
[   12.055979] cloud-init[672]: ci-info: | Route | Destination | Gateway | Interface | Flags |
[   12.060710] cloud-init[672]: ci-info: +-------+-------------+---------+-----------+-------+
[   12.064737] cloud-init[672]: ci-info: |   1   |  fe80::/64  |    ::   |   enp0s9  |   U   |
[   12.069058] cloud-init[672]: ci-info: |   2   |  fe80::/64  |    ::   |   enp0s8  |   U   |
[   12.084836] cloud-init[672]: ci-info: |   3   |  fe80::/64  |    ::   |   enp0s3  |   U   |
[   12.089286] cloud-init[672]: ci-info: |   5   |    local    |    ::   |   enp0s3  |   U   |
[   12.093548] cloud-init[672]: ci-info: |   6   |    local    |    ::   |   enp0s9  |   U   |
[   12.097229] cloud-init[672]: ci-info: |   7   |    local    |    ::   |   enp0s8  |   U   |
[   12.101003] cloud-init[672]: ci-info: |   8   |   ff00::/8  |    ::   |   enp0s9  |   U   |
[   12.104970] cloud-init[672]: ci-info: |   9   |   ff00::/8  |    ::   |   enp0s8  |   U   |
[   12.109187] cloud-init[672]: ci-info: |   10  |   ff00::/8  |    ::   |   enp0s3  |   U   |
[   12.112957] cloud-init[672]: ci-info: +-------+-------------+---------+-----------+-------+
[[0;32m  OK  [0m] Started Initial cloud-init job (metadata service crawler).
[[0;32m  OK  [0m] Reached target Cloud-config availability.
[[0;32m  OK  [0m] Reached target System Initialization.
[[0;32m  OK  [0m] Listening on ACPID Listen Socket.
[[0;32m  OK  [0m] Listening on UUID daemon activation socket.
[[0;32m  OK  [0m] Started Message of the Day.
[[0;32m  OK  [0m] Started Daily Cleanup of Temporary Directories.
[[0;32m  OK  [0m] Started Daily apt download activities.
[[0;32m  OK  [0m] Started Daily apt upgrade and clean activities.
[[0;32m  OK  [0m] Started Ubuntu Advantage Timer for running repeated jobs.
[[0;32m  OK  [0m] Started Discard unused blocks once a week.
[[0;32m  OK  [0m] Listening on Open-iSCSI iscsid Socket.
[[0;32m  OK  [0m] Listening on D-Bus System Message Bus Socket.
[[0;32m  OK  [0m] Reached target Timers.
[[0;32m  OK  [0m] Listening on cloud-init hotplug hook socket.
[[0;32m  OK  [0m] Started ACPI Events Check.
[[0;32m  OK  [0m] Reached target Paths.
         Starting Socket activation for snappy daemon.
         Starting LXD - unix socket.
[[0;32m  OK  [0m] Reached target Network is Online.
[[0;32m  OK  [0m] Reached target Remote File Systems (Pre).
         Starting Availability of block devices...
         Mounting /vagrant...
         Mounting /opt/scripts...
[[0;32m  OK  [0m] Listening on Socket activation for snappy daemon.
[[0;32m  OK  [0m] Listening on LXD - unix socket.
[[0;32m  OK  [0m] Reached target Sockets.
[[0;32m  OK  [0m] Reached target Basic System.
         Starting Login Service...
[[0;32m  OK  [0m] Started FUSE filesystem for LXC.
[[0;32m  OK  [0m] Started Deferred execution scheduler.
         Starting Dispatcher daemon for systemd-networkd...
[[0;32m  OK  [0m] Started irqbalance daemon.
         Starting LXD - container startup/shutdown...
[[0;32m  OK  [0m] Started Regular background program processing daemon.
         Starting OpenBSD Secure Shell server...
[[0;32m  OK  [0m] Reached target Login Prompts (Pre).
         Starting Virtualbox guest utils...
         Starting LSB: Record successful boot for GRUB...
         Starting Accounts Service...
         Starting System Logging Service...
         Starting Snap Daemon...
[[0;32m  OK  [0m] Started D-Bus System Message Bus.
[[0;32m  OK  [0m] Started Availability of block devices.
[[0;32m  OK  [0m] Mounted /vagrant.
[[0;32m  OK  [0m] Mounted /opt/scripts.
[[0;32m  OK  [0m] Started Login Service.
[[0;32m  OK  [0m] Started Unattended Upgrades Shutdown.
[[0;32m  OK  [0m] Reached target Remote File Systems.
         Starting LSB: automatic crash report generation...
         Starting Permit User Sessions...
[[0;32m  OK  [0m] Started System Logging Service.
[[0;32m  OK  [0m] Started OpenBSD Secure Shell server.
[[0;32m  OK  [0m] Started Permit User Sessions.
         Starting Terminate Plymouth Boot Screen...
         Starting Hold until boot process finishes up...
         Starting Authorization Manager...
[[0;32m  OK  [0m] Started Hold until boot process finishes up.
         Starting Set console scheme...
[[0;32m  OK  [0m] Started Serial Getty on ttyS0.
[[0;32m  OK  [0m] Started Terminate Plymouth Boot Screen.
[[0;32m  OK  [0m] Started Set console scheme.
[[0;32m  OK  [0m] Created slice system-getty.slice.
[[0;32m  OK  [0m] Started Getty on tty1.
[[0;32m  OK  [0m] Reached target Login Prompts.
[[0;32m  OK  [0m] Started Virtualbox guest utils.
[[0;32m  OK  [0m] Started LSB: Record successful boot for GRUB.
[[0;32m  OK  [0m] Started Authorization Manager.
[[0;32m  OK  [0m] Started Accounts Service.
[[0;32m  OK  [0m] Started LXD - container startup/shutdown.
[[0;32m  OK  [0m] Started LSB: automatic crash report generation.
[[0;32m  OK  [0m] Created slice User Slice of vagrant.
         Starting User Manager for UID 1000...
[[0;32m  OK  [0m] Started Session 1 of user vagrant.
[[0;32m  OK  [0m] Started Dispatcher daemon for systemd-networkd.
[[0;32m  OK  [0m] Started User Manager for UID 1000.
[[0;32m  OK  [0m] Started Snap Daemon.
         Starting Wait until snapd is fully seeded...
         Starting Time & Date Service...
[[0;32m  OK  [0m] Started Time & Date Service.
[[0;32m  OK  [0m] Started Wait until snapd is fully seeded.
         Starting Apply the settings specified in cloud-config...
[   14.319592] cloud-init[1172]: Cloud-init v. 22.4.2-0ubuntu0~18.04.1 running 'modules:config' at Sat, 31 Dec 2022 13:31:46 +0000. Up 14.21 seconds.
[[0;32m  OK  [0m] Started Apply the settings specified in cloud-config.
[[0;32m  OK  [0m] Reached target Multi-User System.
         Starting Execute cloud user/final scripts...
[[0;32m  OK  [0m] Reached target Graphical Interface.
         Starting Update UTMP about System Runlevel Changes...
[[0;32m  OK  [0m] Started Update UTMP about System Runlevel Changes.
[   14.880956] cloud-init[1238]: Cloud-init v. 22.4.2-0ubuntu0~18.04.1 running 'modules:final' at Sat, 31 Dec 2022 13:31:46 +0000. Up 14.77 seconds.
[   14.886131] cloud-init[1238]: Cloud-init v. 22.4.2-0ubuntu0~18.04.1 finished at Sat, 31 Dec 2022 13:31:47 +0000. Datasource DataSourceNoCloud [seed=/dev/sdb][dsmode=net].  Up 14.87 seconds
[[0;32m  OK  [0m] Started Execute cloud user/final scripts.
[[0;32m  OK  [0m] Reached target Cloud-init target.

Ubuntu 18.04.6 LTS ubuntu-bionic ttyS0

ubuntu-bionic login:          Stopping Session 5 of user vagrant.
[[0;32m  OK  [0m] Stopped target Cloud-init target.
[[0;32m  OK  [0m] Closed Load/Save RF Kill Switch Status /dev/rfkill Watch.
[[0;32m  OK  [0m] Stopped Execute cloud user/final scripts.
         Stopping User Manager for UID 1000...
[[0;32m  OK  [0m] Stopped target Graphical Interface.
         Stopping Availability of block devices...
[[0;32m  OK  [0m] Stopped Apply the settings specified in cloud-config.
[[0;32m  OK  [0m] Stopped target Cloud-config availability.
         Stopping Authorization Manager...
[[0;32m  OK  [0m] Stopped target Multi-User System.
[[0;32m  OK  [0m] Stopped t         Stopping LXD - container startup/shutdown...
         Stopping Regular background program processing daemon...
         Stopping Dispatcher daemon for systemd-networkd...
         Stopping D-Bus System Message Bus...
         Stopping System Logging Service...
         Stopping Virtualbox guest utils...
         Stopping LSB: Record successful boot for GRUB...
         Stopping The Apache HTTP Server...
         Stopping irqbalance daemon...
         Stopping FUSE filesystem for LXC...
[[0;32m  OK  [0m] Stopped Wait until snapd is fully seeded.
         Stopping OpenBSD Secure Shell server...
         Stopping Deferred execution scheduler...
         Stopping LSB: automatic crash report generation...
         Stopping Accounts Service...
[[0;32m  OK  [0m] Stopped target Timers.
[[0;32m  OK  [0m] Stopped Daily Cleanup of Temporary Directories.
[[0;32m  OK  [0m] Stopped Ubuntu Advantage Timer for running repeated jobs.
[[0;32m  OK  [0m] Stopped Message of the Day.
[[0;32m  OK  [0m] Stopped Discard unused blocks once a week.
[[0;32m  OK  [0m] Stopped Daily apt upgrade and clean activities.
[[0;32m  OK  [0m] Stopped Daily apt download activities.
[[0;32m  OK  [0m] Stopped target System Time Synchronized.
[[0;32m  OK  [0m] Unmounted /var/lib/lxcfs.
[[0;32m  OK  [0m] Stopped Deferred execution scheduler.
[[0;32m  OK  [0m] Stopped Dispatcher daemon for systemd-networkd.
[[0;32m  OK  [0m] Stopped irqbalance daemon.
[[0;32m  OK  [0m] Stopped Regular background program processing daemon.
[[0;32m  OK  [0m] Stopped Accounts Service.
[[0;32m  OK  [0m] Stopped System Logging Service.
[[0;32m  OK  [0m] Stopped OpenBSD Secure Shell server.
[[0;32m  OK  [0m] Stopped Authorization Manager.
[[0;32m  OK  [0m] Stopped Serial Getty on ttyS0.
[[0;32m  OK  [0m] Stopped Getty on tty1.
[[0;32m  OK  [0m] Stopped User Manager for UID 1000.
[[0;32m  OK  [0m] Stopped D-Bus System Message Bus.
[[0;32m  OK  [0m] Stopped FUSE filesystem for LXC.
[[0;32m  OK  [0m] Stopped Session 5 of user vagrant.
[[0;32m  OK  [0m] Stopped Availability of block devices.
[[0;32m  OK  [0m] Stopped The Apache HTTP Server.
[[0;32m  OK  [0m] Stopped LXD - container startup/shutdown.
[[0;32m  OK  [0m] Stopped LSB: Record successful boot for GRUB.
[[0;32m  OK  [0m] Stopped LSB: automatic crash report generation.
[[0;32m  OK  [0m] Stopped target Host and Network Name Lookups.
[[0;32m  OK  [0m] Removed slice User Slice of vagrant.
         Stopping Login Service...
[[0;32m  OK  [0m] Removed slice system-getty.slice.
[[0;32m  OK  [0m] Stopped target Login Prompts (Pre).
         Stopping Permit User Sessions...
[[0;32m  OK  [0m] Removed slice system-serial\x2dgetty.slice.
[[0;32m  OK  [0m] Stopped Virtualbox guest utils.
[[0;32m  OK  [0m] Stopped Permit User Sessions.
[[0;32m  OK  [0m] Stopped target Remote File Systems.
         Unmounting /vagrant...
         Unmounting /opt/scripts...
[[0;32m  OK  [0m] Unmounted /opt/scripts.
[[0;32m  OK  [0m] Unmounted /vagrant.
[[0;32m  OK  [0m] Stopped target Remote File Systems (Pre).
[[0;32m  OK  [0m] Stopped target Network is Online.
[[0;32m  OK  [0m] Stopped target Network.
         Stopping Network Name Resolution...
[[0;32m  OK  [0m] Stopped Login Service.
[[0;32m  OK  [0m] Stopped target User and Group Name Lookups.
[[0;32m  OK  [0m] Stopped target Basic System.
[[0;32m  OK  [0m] Stopped target Sockets.
[[0;32m  OK  [0m] Closed UUID daemon activation socket.
[[0;32m  OK  [0m] Closed Syslog Socket.
[[0;32m  OK  [0m] Closed D-Bus System Message Bus Socket.
[[0;32m  OK  [0m] Closed cloud-init hotplug hook socket.
[[0;32m  OK  [0m] Closed LXD - unix socket.
[[0;32m  OK  [0m] Closed Socket activation for snappy daemon.
[[0;32m  OK  [0m] Closed ACPID Listen Socket.
[[0;32m  OK  [0m] Closed Open-iSCSI iscsid Socket.
[[0;32m  OK  [0m] Stopped target Paths.
[[0;32m  OK  [0m] Stopped ACPI Events Check.
[[0;32m  OK  [0m] Stopped target System Initialization.
[[0;32m  OK  [0m] Stopped Initial cloud-init job (metadata service crawler).
[[0;32m  OK  [0m] Stopped target Local Encrypted Volumes.
[[0;32m  OK  [0m] Stopped Dispatch Password Requests to Console Directory Watch.
[[0;32m  OK  [0m] Stopped Forward Password Requests to Wall Directory Watch.
         Stopping Load/Save Random Seed...
         Stopping Update UTMP about System Boot/Shutdown...
[[0;32m  OK  [0m] Stopped target Slices.
[[0;32m  OK  [0m] Removed slice User and Session Slice.
[[0;32m  OK  [0m] Stopped Network Name Resolution.
[[0;32m  OK  [0m] Stopped Load/Save Random Seed.
[[0;32m  OK  [0m] Stopped Update UTMP about System Boot/Shutdown.
[[0;32m  OK  [0m] Stopped Create Volatile Files and Directories.
[[0;32m  OK  [0m] Stopped target Local File Systems.
         Unmounting /run/user/1000...
         Stopping Network Service...
[[0;32m  OK  [0m] Unmounted /run/user/1000.
[[0;32m  OK  [0m] Reached target Unmount All Filesystems.
[[0;32m  OK  [0m] Stopped target Local File Systems (Pre).
         Stopping Monitoring of LVM2 mirrorsâ€¦ng dmeventd or progress polling...
[[0;32m  OK  [0m] Stopped Create Static Device Nodes in /dev.
[[0;32m  OK  [0m] Stopped target Swap.
[[0;32m  OK  [0m] Stopped Monitoring of LVM2 mirrors,â€¦sing dmeventd or progress polling.
         Stopping LVM2 metadata daemon...
[[0;32m  OK  [0m] Stopped LVM2 metadata daemon.
[[0;32m  OK  [0m] Stopped Network Service.
[[0;32m  OK  [0m] Stopped Apply Kernel Variables.
[[0;32m  OK  [0m] Stopped Load Kernel Modules.
[[0;32m  OK  [0m] Stopped target Network (Pre).
[[0;32m  OK  [0m] Stopped Initial cloud-init job (pre-networking).
[[0;32m  OK  [0m] Stopped Remount Root and Kernel File Systems.
[[0;32m  OK  [0m] Reached target Shutdown.
[[0;32m  OK  [0m] Reached target Final Step.
         Starting Power-Off...
[  168.665843] reboot: Power down
