[    0.000000] Linux version 4.15.0-200-generic (buildd@lcy02-amd64-069) (gcc version 7.5.0 (Ubuntu 7.5.0-3ubuntu1~18.04)) #211-Ubuntu SMP Thu Nov 24 18:16:04 UTC 2022 (Ubuntu 4.15.0-200.211-generic 4.15.18)
[    0.000000] Command line: BOOT_IMAGE=/boot/vmlinuz-4.15.0-200-generic root=LABEL=cloudimg-rootfs ro console=tty1 console=ttyS0
[    0.000000] KERNEL supported cpus:
[    0.000000]   Intel GenuineIntel
[    0.000000]   AMD AuthenticAMD
[    0.000000]   Centaur CentaurHauls
[    0.000000] x86/fpu: Supporting XSAVE feature 0x001: 'x87 floating point registers'
[    0.000000] x86/fpu: Supporting XSAVE feature 0x002: 'SSE registers'
[    0.000000] x86/fpu: Supporting XSAVE feature 0x004: 'AVX registers'
[    0.000000] x86/fpu: xstate_offset[2]:  576, xstate_sizes[2]:  256
[    0.000000] x86/fpu: Enabled xstate features 0x7, context size is 832 bytes, using 'standard' format.
[    0.000000] e820: BIOS-provided physical RAM map:
[    0.000000] BIOS-e820: [mem 0x0000000000000000-0x000000000009fbff] usable
[    0.000000] BIOS-e820: [mem 0x000000000009fc00-0x000000000009ffff] reserved
[    0.000000] BIOS-e820: [mem 0x00000000000f0000-0x00000000000fffff] reserved
[    0.000000] BIOS-e820: [mem 0x0000000000100000-0x000000003ffeffff] usable
[    0.000000] BIOS-e820: [mem 0x000000003fff0000-0x000000003fffffff] ACPI data
[    0.000000] BIOS-e820: [mem 0x00000000fec00000-0x00000000fec00fff] reserved
[    0.000000] BIOS-e820: [mem 0x00000000fee00000-0x00000000fee00fff] reserved
[    0.000000] BIOS-e820: [mem 0x00000000fffc0000-0x00000000ffffffff] reserved
[    0.000000] NX (Execute Disable) protection: active
[    0.000000] SMBIOS 2.5 present.
[    0.000000] DMI: innotek GmbH VirtualBox/VirtualBox, BIOS VirtualBox 12/01/2006
[    0.000000] Hypervisor detected: KVM
[    0.000000] e820: last_pfn = 0x3fff0 max_arch_pfn = 0x400000000
[    0.000000] MTRR: Disabled
[    0.000000] x86/PAT: MTRRs disabled, skipping PAT initialization too.
[    0.000000] CPU MTRRs all blank - virtualized system.
[    0.000000] x86/PAT: Configuration [0-7]: WB  WT  UC- UC  WB  WT  UC- UC  
[    0.000000] found SMP MP-table at [mem 0x0009fff0-0x0009ffff]
[    0.000000] Scanning 1 areas for low memory corruption
[    0.000000] RAMDISK: [mem 0x359c9000-0x36cdbfff]
[    0.000000] ACPI: Early table checksum verification disabled
[    0.000000] ACPI: RSDP 0x00000000000E0000 000024 (v02 VBOX  )
[    0.000000] ACPI: XSDT 0x000000003FFF0030 00003C (v01 VBOX   VBOXXSDT 00000001 ASL  00000061)
[    0.000000] ACPI: FACP 0x000000003FFF00F0 0000F4 (v04 VBOX   VBOXFACP 00000001 ASL  00000061)
[    0.000000] ACPI: DSDT 0x000000003FFF0610 002353 (v02 VBOX   VBOXBIOS 00000002 INTL 20200528)
[    0.000000] ACPI: FACS 0x000000003FFF0200 000040
[    0.000000] ACPI: FACS 0x000000003FFF0200 000040
[    0.000000] ACPI: APIC 0x000000003FFF0240 00005C (v02 VBOX   VBOXAPIC 00000001 ASL  00000061)
[    0.000000] ACPI: SSDT 0x000000003FFF02A0 00036C (v01 VBOX   VBOXCPUT 00000002 INTL 20200528)
[    0.000000] ACPI: Reserving FACP table memory at [mem 0x3fff00f0-0x3fff01e3]
[    0.000000] ACPI: Reserving DSDT table memory at [mem 0x3fff0610-0x3fff2962]
[    0.000000] ACPI: Reserving FACS table memory at [mem 0x3fff0200-0x3fff023f]
[    0.000000] ACPI: Reserving FACS table memory at [mem 0x3fff0200-0x3fff023f]
[    0.000000] ACPI: Reserving APIC table memory at [mem 0x3fff0240-0x3fff029b]
[    0.000000] ACPI: Reserving SSDT table memory at [mem 0x3fff02a0-0x3fff060b]
[    0.000000] No NUMA configuration found
[    0.000000] Faking a node at [mem 0x0000000000000000-0x000000003ffeffff]
[    0.000000] NODE_DATA(0) allocated [mem 0x3ffc5000-0x3ffeffff]
[    0.000000] kvm-clock: cpu 0, msr 0:3ff44001, primary cpu clock
[    0.000000] kvm-clock: Using msrs 4b564d01 and 4b564d00
[    0.000000] kvm-clock: using sched offset of 3533226104 cycles
[    0.000000] clocksource: kvm-clock: mask: 0xffffffffffffffff max_cycles: 0x1cd42e4dffb, max_idle_ns: 881590591483 ns
[    0.000000] Zone ranges:
[    0.000000]   DMA      [mem 0x0000000000001000-0x0000000000ffffff]
[    0.000000]   DMA32    [mem 0x0000000001000000-0x000000003ffeffff]
[    0.000000]   Normal   empty
[    0.000000]   Device   empty
[    0.000000] Movable zone start for each node
[    0.000000] Early memory node ranges
[    0.000000]   node   0: [mem 0x0000000000001000-0x000000000009efff]
[    0.000000]   node   0: [mem 0x0000000000100000-0x000000003ffeffff]
[    0.000000] Reserved but unavailable: 104 pages
[    0.000000] Initmem setup node 0 [mem 0x0000000000001000-0x000000003ffeffff]
[    0.000000] ACPI: PM-Timer IO Port: 0x4008
[    0.000000] IOAPIC[0]: apic_id 2, version 32, address 0xfec00000, GSI 0-23
[    0.000000] ACPI: INT_SRC_OVR (bus 0 bus_irq 0 global_irq 2 dfl dfl)
[    0.000000] ACPI: INT_SRC_OVR (bus 0 bus_irq 9 global_irq 9 low level)
[    0.000000] Using ACPI (MADT) for SMP configuration information
[    0.000000] smpboot: Allowing 2 CPUs, 0 hotplug CPUs
[    0.000000] PM: Registered nosave memory: [mem 0x00000000-0x00000fff]
[    0.000000] PM: Registered nosave memory: [mem 0x0009f000-0x0009ffff]
[    0.000000] PM: Registered nosave memory: [mem 0x000a0000-0x000effff]
[    0.000000] PM: Registered nosave memory: [mem 0x000f0000-0x000fffff]
[    0.000000] e820: [mem 0x40000000-0xfebfffff] available for PCI devices
[    0.000000] Booting paravirtualized kernel on KVM
[    0.000000] clocksource: refined-jiffies: mask: 0xffffffff max_cycles: 0xffffffff, max_idle_ns: 7645519600211568 ns
[    0.000000] setup_percpu: NR_CPUS:8192 nr_cpumask_bits:2 nr_cpu_ids:2 nr_node_ids:1
[    0.000000] percpu: Embedded 50 pages/cpu s167936 r8192 d28672 u1048576
[    0.000000] PV qspinlock hash table entries: 256 (order: 0, 4096 bytes)
[    0.000000] Built 1 zonelists, mobility grouping on.  Total pages: 257913
[    0.000000] Policy zone: DMA32
[    0.000000] Kernel command line: BOOT_IMAGE=/boot/vmlinuz-4.15.0-200-generic root=LABEL=cloudimg-rootfs ro console=tty1 console=ttyS0
[    0.000000] Memory: 982648K/1048120K available (12300K kernel code, 2477K rwdata, 4320K rodata, 2472K init, 2720K bss, 65472K reserved, 0K cma-reserved)
[    0.000000] SLUB: HWalign=64, Order=0-3, MinObjects=0, CPUs=2, Nodes=1
[    0.000000] Kernel/User page tables isolation: enabled
[    0.000000] ftrace: allocating 39478 entries in 155 pages
[    0.004000] Hierarchical RCU implementation.
[    0.004000] 	RCU restricting CPUs from NR_CPUS=8192 to nr_cpu_ids=2.
[    0.004000] 	Tasks RCU enabled.
[    0.004000] RCU: Adjusting geometry for rcu_fanout_leaf=16, nr_cpu_ids=2
[    0.004000] NR_IRQS: 524544, nr_irqs: 440, preallocated irqs: 16
[    0.004000] random: crng init done
[    0.004000] Console: colour VGA+ 80x25
[    0.004000] console [tty1] enabled
[    0.004000] console [ttyS0] enabled
[    0.004000] ACPI: Core revision 20170831
[    0.004000] ACPI: 2 ACPI AML tables successfully acquired and loaded
[    0.004000] APIC: Switch to symmetric I/O mode setup
[    0.004000] x2apic enabled
[    0.004019] Switched APIC routing to physical x2apic.
[    0.012000] ..TIMER: vector=0x30 apic1=0 pin1=2 apic2=-1 pin2=-1
[    0.012004] tsc: Detected 2301.786 MHz processor
[    0.014800] Calibrating delay loop (skipped) preset value.. 4603.57 BogoMIPS (lpj=9207144)
[    0.016006] pid_max: default: 32768 minimum: 301
[    0.020050] Security Framework initialized
[    0.024003] Yama: becoming mindful.
[    0.026279] AppArmor: AppArmor initialized
[    0.029533] Dentry cache hash table entries: 131072 (order: 8, 1048576 bytes)
[    0.032764] Inode-cache hash table entries: 65536 (order: 7, 524288 bytes)
[    0.036040] Mount-cache hash table entries: 2048 (order: 2, 16384 bytes)
[    0.040027] Mountpoint-cache hash table entries: 2048 (order: 2, 16384 bytes)
[    0.048482] Last level iTLB entries: 4KB 0, 2MB 0, 4MB 0
[    0.051476] Last level dTLB entries: 4KB 0, 2MB 0, 4MB 0, 1GB 0
[    0.052017] Spectre V1 : Mitigation: usercopy/swapgs barriers and __user pointer sanitization
[    0.056003] Spectre V2 : Mitigation: Retpolines
[    0.060008] Spectre V2 : Spectre v2 / SpectreRSB mitigation: Filling RSB on context switch
[    0.064003] Speculative Store Bypass: Vulnerable
[    0.068102] MDS: Mitigation: Clear CPU buffers
[    0.072003] MMIO Stale Data: Mitigation: Clear CPU buffers
[    0.075026] SRBDS: Unknown: Dependent on hypervisor status
[    0.076183] Freeing SMP alternatives memory: 36K
[    0.193914] smpboot: CPU0: Intel(R) Core(TM) i7-1068NG7 CPU @ 2.30GHz (family: 0x6, model: 0x7e, stepping: 0x5)
[    0.196258] Performance Events: unsupported p6 CPU model 126 no PMU driver, software events only.
[    0.200069] Hierarchical SRCU implementation.
[    0.204645] NMI watchdog: Perf event create on CPU 0 failed with -2
[    0.208002] NMI watchdog: Perf NMI watchdog permanently disabled
[    0.212146] smp: Bringing up secondary CPUs ...
[    0.215135] x86: Booting SMP configuration:
[    0.216003] .... node  #0, CPUs:      #1
[    0.004000] kvm-clock: cpu 1, msr 0:3ff44041, secondary cpu clock
[    0.224143] smp: Brought up 1 node, 2 CPUs
[    0.226566] smpboot: Max logical packages: 1
[    0.228010] smpboot: Total of 2 processors activated (9207.14 BogoMIPS)
[    0.232258] devtmpfs: initialized
[    0.233957] x86/mm: Memory block size: 128MB
[    0.236215] evm: security.selinux
[    0.240003] evm: security.SMACK64
[    0.241908] evm: security.SMACK64EXEC
[    0.244003] evm: security.SMACK64TRANSMUTE
[    0.246313] evm: security.SMACK64MMAP
[    0.248002] evm: security.apparmor
[    0.250031] evm: security.ima
[    0.252002] evm: security.capability
[    0.254207] clocksource: jiffies: mask: 0xffffffff max_cycles: 0xffffffff, max_idle_ns: 7645041785100000 ns
[    0.256015] futex hash table entries: 512 (order: 3, 32768 bytes)
[    0.259363] pinctrl core: initialized pinctrl subsystem
[    0.260349] RTC time:  5:54:35, date: 01/23/23
[    0.264362] NET: Registered protocol family 16
[    0.268077] audit: initializing netlink subsys (disabled)
[    0.272037] audit: type=2000 audit(1674453279.781:1): state=initialized audit_enabled=0 res=1
[    0.276012] cpuidle: using governor ladder
[    0.278309] cpuidle: using governor menu
[    0.280040] ACPI: bus type PCI registered
[    0.282292] acpiphp: ACPI Hot Plug PCI Controller Driver version: 0.5
[    0.284405] PCI: Using configuration type 1 for base access
[    0.289122] HugeTLB registered 2.00 MiB page size, pre-allocated 0 pages
[    0.296201] ACPI: Added _OSI(Module Device)
[    0.298455] ACPI: Added _OSI(Processor Device)
[    0.300025] ACPI: Added _OSI(3.0 _SCP Extensions)
[    0.304010] ACPI: Added _OSI(Processor Aggregator Device)
[    0.306960] ACPI: Added _OSI(Linux-Dell-Video)
[    0.308003] ACPI: Added _OSI(Linux-Lenovo-NV-HDMI-Audio)
[    0.312004] ACPI: Added _OSI(Linux-HPI-Hybrid-Graphics)
[    0.316160] ACPI: Executed 1 blocks of module-level executable AML code
[    0.323146] ACPI: Interpreter enabled
[    0.324012] ACPI: (supports S0 S5)
[    0.326014] ACPI: Using IOAPIC for interrupt routing
[    0.328360] PCI: Using host bridge windows from ACPI; if necessary, use "pci=nocrs" and report a bug
[    0.332212] ACPI: Enabled 2 GPEs in block 00 to 07
[    0.346554] ACPI: PCI Root Bridge [PCI0] (domain 0000 [bus 00-ff])
[    0.348008] acpi PNP0A03:00: _OSC: OS supports [ASPM ClockPM Segments MSI]
[    0.352668] acpi PNP0A03:00: _OSC: not requesting OS control; OS requires [ExtendedConfig ASPM ClockPM MSI]
[    0.356011] acpi PNP0A03:00: fail to add MMCONFIG information, can't access extended PCI configuration space under this bridge.
[    0.360609] PCI host bridge to bus 0000:00
[    0.364005] pci_bus 0000:00: root bus resource [io  0x0000-0x0cf7 window]
[    0.367596] pci_bus 0000:00: root bus resource [io  0x0d00-0xffff window]
[    0.368003] pci_bus 0000:00: root bus resource [mem 0x000a0000-0x000bffff window]
[    0.372005] pci_bus 0000:00: root bus resource [mem 0x40000000-0xfdffffff window]
[    0.376003] pci_bus 0000:00: root bus resource [bus 00-ff]
[    0.388000] pci 0000:00:01.1: legacy IDE quirk: reg 0x10: [io  0x01f0-0x01f7]
[    0.388004] pci 0000:00:01.1: legacy IDE quirk: reg 0x14: [io  0x03f6]
[    0.392004] pci 0000:00:01.1: legacy IDE quirk: reg 0x18: [io  0x0170-0x0177]
[    0.396005] pci 0000:00:01.1: legacy IDE quirk: reg 0x1c: [io  0x0376]
[    0.435293] pci 0000:00:07.0: quirk: [io  0x4000-0x403f] claimed by PIIX4 ACPI
[    0.436031] pci 0000:00:07.0: quirk: [io  0x4100-0x410f] claimed by PIIX4 SMB
[    0.452996] ACPI: PCI Interrupt Link [LNKA] (IRQs 5 9 10 *11)
[    0.456208] ACPI: PCI Interrupt Link [LNKB] (IRQs 5 9 *10 11)
[    0.460179] ACPI: PCI Interrupt Link [LNKC] (IRQs 5 *9 10 11)
[    0.464182] ACPI: PCI Interrupt Link [LNKD] (IRQs 5 9 10 *11)
[    0.468465] SCSI subsystem initialized
[    0.472079] pci 0000:00:02.0: vgaarb: setting as boot VGA device
[    0.475259] pci 0000:00:02.0: vgaarb: VGA device added: decodes=io+mem,owns=io+mem,locks=none
[    0.476006] pci 0000:00:02.0: vgaarb: bridge control possible
[    0.480002] vgaarb: loaded
[    0.484043] ACPI: bus type USB registered
[    0.486480] usbcore: registered new interface driver usbfs
[    0.488024] usbcore: registered new interface driver hub
[    0.492030] usbcore: registered new device driver usb
[    0.496146] EDAC MC: Ver: 3.0.0
[    0.500146] PCI: Using ACPI for IRQ routing
[    0.503365] NetLabel: Initializing
[    0.504003] NetLabel:  domain hash size = 128
[    0.508002] NetLabel:  protocols = UNLABELED CIPSOv4 CALIPSO
[    0.511645] NetLabel:  unlabeled traffic allowed by default
[    0.512133] clocksource: Switched to clocksource kvm-clock
[    0.534787] VFS: Disk quotas dquot_6.6.0
[    0.537336] VFS: Dquot-cache hash table entries: 512 (order 0, 4096 bytes)
[    0.541315] AppArmor: AppArmor Filesystem Enabled
[    0.543986] pnp: PnP ACPI init
[    0.548026] pnp: PnP ACPI: found 3 devices
[    0.568236] clocksource: acpi_pm: mask: 0xffffff max_cycles: 0xffffff, max_idle_ns: 2085701024 ns
[    0.573408] NET: Registered protocol family 2
[    0.576405] IP idents hash table entries: 16384 (order: 5, 131072 bytes)
[    0.580562] TCP established hash table entries: 8192 (order: 4, 65536 bytes)
[    0.585093] TCP bind hash table entries: 8192 (order: 5, 131072 bytes)
[    0.589155] TCP: Hash tables configured (established 8192 bind 8192)
[    0.593463] UDP hash table entries: 512 (order: 2, 16384 bytes)
[    0.596980] UDP-Lite hash table entries: 512 (order: 2, 16384 bytes)
[    0.600913] NET: Registered protocol family 1
[    0.603470] pci 0000:00:00.0: Limiting direct PCI/PCI transfers
[    0.606940] pci 0000:00:01.0: Activating ISA DMA hang workarounds
[    0.610671] pci 0000:00:02.0: Video device with shadowed ROM at [mem 0x000c0000-0x000dffff]
[    0.615520] Unpacking initramfs...
[    0.938060] Freeing initrd memory: 19532K
[    0.940557] clocksource: tsc: mask: 0xffffffffffffffff max_cycles: 0x212dcc2be03, max_idle_ns: 440795204574 ns
[    0.946032] platform rtc_cmos: registered platform RTC device (no PNP device found)
[    0.950272] Scanning for low memory corruption every 60 seconds
[    0.955013] Initialise system trusted keyrings
[    0.957605] Key type blacklist registered
[    0.960186] workingset: timestamp_bits=36 max_order=18 bucket_order=0
[    0.965040] zbud: loaded
[    0.967211] squashfs: version 4.0 (2009/01/31) Phillip Lougher
[    0.970830] fuse init (API version 7.26)
[    0.982594] Key type asymmetric registered
[    0.985075] Asymmetric key parser 'x509' registered
[    0.988046] Block layer SCSI generic (bsg) driver version 0.4 loaded (major 246)
[    0.992498] io scheduler noop registered
[    0.994757] io scheduler deadline registered
[    0.997312] io scheduler cfq registered (default)
[    1.000872] ACPI: AC Adapter [AC] (on-line)
[    1.003289] input: Power Button as /devices/LNXSYSTM:00/LNXPWRBN:00/input/input0
[    1.007485] ACPI: Power Button [PWRF]
[    1.009942] input: Sleep Button as /devices/LNXSYSTM:00/LNXSLPBN:00/input/input1
[    1.014353] ACPI: Sleep Button [SLPF]
[    1.019680] ACPI: Battery Slot [BAT0] (battery present)
[    1.020720] Serial: 8250/16550 driver, 32 ports, IRQ sharing enabled
[    1.052408] 00:02: ttyS0 at I/O 0x3f8 (irq = 4, base_baud = 115200) is a 16550A
[    1.058034] Linux agpgart interface v0.103
[    1.063286] loop: module loaded
[    1.067165] scsi host0: ata_piix
[    1.069941] scsi host1: ata_piix
[    1.072171] ata1: PATA max UDMA/33 cmd 0x1f0 ctl 0x3f6 bmdma 0xd000 irq 14
[    1.073935] ata2: PATA max UDMA/33 cmd 0x170 ctl 0x376 bmdma 0xd008 irq 15
[    1.080405] tun: Universal TUN/TAP device driver, 1.6
[    1.083917] PPP generic driver version 2.4.2
[    1.086830] ehci_hcd: USB 2.0 'Enhanced' Host Controller (EHCI) Driver
[    1.090743] ehci-pci: EHCI PCI platform driver
[    1.093556] ehci-platform: EHCI generic platform driver
[    1.094706] ohci_hcd: USB 1.1 'Open' Host Controller (OHCI) Driver
[    1.094706] ohci-pci: OHCI PCI platform driver
[    1.103210] ohci-platform: OHCI generic platform driver
[    1.106359] uhci_hcd: USB Universal Host Controller Interface driver
[    1.107160] i8042: PNP: PS/2 Controller [PNP0303:PS2K,PNP0f03:PS2M] at 0x60,0x64 irq 1,12
[    1.117105] serio: i8042 KBD port at 0x60,0x64 irq 1
[    1.120126] serio: i8042 AUX port at 0x60,0x64 irq 12
[    1.123411] mousedev: PS/2 mouse device common for all mice
[    1.128294] input: AT Translated Set 2 keyboard as /devices/platform/i8042/serio0/input/input2
[    1.133572] rtc_cmos rtc_cmos: rtc core: registered rtc_cmos as rtc0
[    1.138489] rtc_cmos rtc_cmos: alarms up to one day, 114 bytes nvram
[    1.142120] i2c /dev entries driver
[    1.144315] device-mapper: uevent: version 1.0.3
[    1.147336] device-mapper: ioctl: 4.37.0-ioctl (2017-09-20) initialised: dm-devel@redhat.com
[    1.152387] ledtrig-cpu: registered to indicate activity on CPUs
[    1.157142] NET: Registered protocol family 10
[    1.165092] Segment Routing with IPv6
[    1.167223] NET: Registered protocol family 17
[    1.169991] Key type dns_resolver registered
[    1.172877] mce: Using 0 MCE banks
[    1.174838] RAS: Correctable Errors collector initialized.
[    1.177963] sched_clock: Marking stable (1177913661, 0)->(1647827232, -469913571)
[    1.183387] registered taskstats version 1
[    1.185778] Loading compiled-in X.509 certificates
[    1.191400] Loaded X.509 cert 'Build time autogenerated kernel key: 29e5beaa583364da097e68c9386761f80dbce7ef'
[    1.197454] Loaded X.509 cert 'Canonical Ltd. Live Patch Signing: 14df34d1a87cf37625abec039ef2bf521249b969'
[    1.203316] Loaded X.509 cert 'Canonical Ltd. Kernel Module Signing: 88f752e560a1e0737e31163a466ad7b70a850c19'
[    1.209130] blacklist: Loading compiled-in revocation X.509 certificates
[    1.214004] Loaded X.509 cert 'Canonical Ltd. Secure Boot Signing: 61482aa2830d0ab2ad5af10b7250da9033ddcef0'
[    1.221471] zswap: loaded using pool lzo/zbud
[    1.231346] Key type big_key registered
[    1.234231] Key type trusted registered
[    1.239075] Key type encrypted registered
[    1.250537] AppArmor: AppArmor sha1 policy hashing enabled
[    1.254435] ima: No TPM chip found, activating TPM-bypass! (rc=-19)
[    1.258914] ima: Allocated hash algorithm: sha1
[    1.263298] evm: HMAC attrs: 0x1
[    1.267905]   Magic number: 7:117:922
[    1.296837] rtc_cmos rtc_cmos: setting system clock to 2023-01-23 05:54:36 UTC (1674453276)
[    1.302415] BIOS EDD facility v0.16 2004-Jun-25, 0 devices found
[    1.305982] EDD information not available.
[    1.310829] Freeing unused kernel image memory: 2472K
[    1.332746] Write protecting the kernel read-only data: 20480k
[    1.339148] Freeing unused kernel image memory: 2008K
[    1.343755] Freeing unused kernel image memory: 1824K
[    1.353164] x86/mm: Checked W+X mappings: passed, no W+X pages found.
[    1.357382] x86/mm: Checking user space page tables
[    1.363745] x86/mm: Checked W+X mappings: passed, no W+X pages found.
Loading, please wait...
starting version 237
[    1.434199] e1000: Intel(R) PRO/1000 Network Driver - version 7.3.21-k8-NAPI
[    1.438448] e1000: Copyright (c) 1999-2006 Intel Corporation.
[    1.449959] Fusion MPT base driver 3.04.20
[    1.452619] Copyright (c) 1999-2008 LSI Corporation
[    1.470264] Fusion MPT SPI Host driver 3.04.20
[    1.474529] mptbase: ioc0: Initiating bringup
[    1.479851] AVX2 version of gcm_enc/dec engaged.
[    1.483361] AES CTR mode by8 optimization enabled
[    1.587338] ioc0: LSI53C1030 A0: Capabilities={Initiator}
[    1.680959] input: ImExPS/2 Generic Explorer Mouse as /devices/platform/i8042/serio1/input/input4
[    1.852353] scsi host2: ioc0: LSI53C1030 A0, FwRev=00000000h, Ports=1, MaxQ=256, IRQ=20
[    2.030279] scsi 2:0:0:0: Direct-Access     VBOX     HARDDISK         1.0  PQ: 0 ANSI: 5
[    2.087534] scsi target2:0:0: Beginning Domain Validation
[    2.097891] scsi target2:0:0: Domain Validation skipping write tests
[    2.103362] scsi target2:0:0: Ending Domain Validation
[    2.107494] scsi target2:0:0: asynchronous
[    2.111174] scsi 2:0:1:0: Direct-Access     VBOX     HARDDISK         1.0  PQ: 0 ANSI: 5
[    2.311191] scsi target2:0:1: Beginning Domain Validation
[    2.317678] scsi target2:0:1: Domain Validation skipping write tests
[    2.321573] scsi target2:0:1: Ending Domain Validation
[    2.325242] scsi target2:0:1: asynchronous
[    2.335220] sd 2:0:0:0: [sda] 83886080 512-byte logical blocks: (42.9 GB/40.0 GiB)
[    2.340151] sd 2:0:0:0: [sda] Write Protect is off
[    2.343654] sd 2:0:0:0: [sda] Incomplete mode parameter data
[    2.347245] sd 2:0:0:0: [sda] Assuming drive cache: write through
[    2.351072] sd 2:0:0:0: Attached scsi generic sg0 type 0
[    2.359458] sd 2:0:1:0: [sdb] 20480 512-byte logical blocks: (10.5 MB/10.0 MiB)
[    2.364502] sd 2:0:1:0: [sdb] Write Protect is off
[    2.368305] sd 2:0:1:0: [sdb] Incomplete mode parameter data
[    2.372051] sd 2:0:1:0: [sdb] Assuming drive cache: write through
[    2.376395] sd 2:0:1:0: Attached scsi generic sg1 type 0
[    2.380074]  sda: sda1
[    2.383347] sd 2:0:0:0: [sda] Attached SCSI disk
[    2.389572] sd 2:0:1:0: [sdb] Attached SCSI disk
[    2.551896] e1000 0000:00:03.0 eth0: (PCI:33MHz:32-bit) 02:40:49:ac:f0:20
[    2.555736] e1000 0000:00:03.0 eth0: Intel(R) PRO/1000 Network Connection
[    3.058017] e1000 0000:00:08.0 eth1: (PCI:33MHz:32-bit) 08:00:27:2f:ba:9b
[    3.062280] e1000 0000:00:08.0 eth1: Intel(R) PRO/1000 Network Connection
[    3.067870] e1000 0000:00:03.0 enp0s3: renamed from eth0
[    3.084486] e1000 0000:00:08.0 enp0s8: renamed from eth1
Begin: Loading essential drivers ... [    4.993270] raid6: sse2x1   gen() 13980 MB/s
[    5.068596] raid6: sse2x1   xor()  7729 MB/s
[    5.133977] raid6: sse2x2   gen() 24757 MB/s
[    5.204202] raid6: sse2x2   xor() 15030 MB/s
[    5.285766] raid6: sse2x4   gen() 31737 MB/s
[    5.336097] raid6: sse2x4   xor()  9731 MB/s
[    5.436397] raid6: avx2x1   gen() 29846 MB/s
[    5.514456] raid6: avx2x1   xor() 20833 MB/s
[    5.586284] raid6: avx2x2   gen() 39699 MB/s
[    5.653388] raid6: avx2x2   xor() 26857 MB/s
[    5.711581] raid6: avx2x4   gen() 37698 MB/s
[    5.786227] raid6: avx2x4   xor() 22497 MB/s
[    5.791656] raid6: using algorithm avx2x2 gen() 39699 MB/s
[    5.795145] raid6: .... xor() 26857 MB/s, rmw enabled
[    5.798338] raid6: using avx2x2 recovery algorithm
[    5.803400] xor: automatically using best checksumming function   avx       
[    5.808940] async_tx: api initialized (async)
done.
Begin: Running /scripts/init-premount ... done.
Begin: Mounting root file system ... Begin: Running /scripts/local-top ... done.
Begin: Running /scripts/local-premount ... [    5.859445] Btrfs loaded, crc32c=crc32c-intel
Scanning for Btrfs filesystems
done.
Warning: fsck not present, so skipping root file system
[    5.893272] EXT4-fs (sda1): mounted filesystem with ordered data mode. Opts: (null)
done.
Begin: Running /scripts/local-bottom ... done.
Begin: Running /scripts/init-bottom ... done.
[    6.099237] ip_tables: (C) 2000-2006 Netfilter Core Team
[    6.113324] systemd[1]: systemd 237 running in system mode. (+PAM +AUDIT +SELINUX +IMA +APPARMOR +SMACK +SYSVINIT +UTMP +LIBCRYPTSETUP +GCRYPT +GNUTLS +ACL +XZ +LZ4 +SECCOMP +BLKID +ELFUTILS +KMOD -IDN2 +IDN -PCRE2 default-hierarchy=hybrid)
[    6.125944] systemd[1]: Detected virtualization oracle.
[    6.129266] systemd[1]: Detected architecture x86-64.

Welcome to [1mUbuntu 18.04.6 LTS[0m!

[    6.148245] systemd[1]: Set hostname to <ubuntu>.
[    6.156995] systemd[1]: Initializing machine ID from random generator.
[    6.161226] systemd[1]: Installed transient /etc/machine-id file.
[    6.433778] systemd[1]: Started Forward Password Requests to Wall Directory Watch.
[[0;32m  OK  [0m] Started Forward Password Requests to Wall Directory Watch.
[    6.441092] systemd[1]: Reached target Swap.
[[0;32m  OK  [0m] Reached target Swap.
[    6.446242] systemd[1]: Set up automount Arbitrary Executable File Formats File System Automount Point.
[[0;32m  OK  [0m] Set up automount Arbitrary Executabâ€¦rmats File System Automount Point.
[    6.454968] systemd[1]: Reached target User and Group Name Lookups.
[[0;32m  OK  [0m] Reached target User and Group Name Lookups.
[[0;32m  OK  [0m] Created slice User and Session Slice.
[[0;32m  OK  [0m] Created slice System Slice.
[[0;32m  OK  [0m] Listening on udev Kernel Socket.
[[0;32m  OK  [0m] Listening on Network Service Netlink Socket.
[[0;32m  OK  [0m] Listening on LVM2 metadata daemon socket.
[[0;32m  OK  [0m] Listening on /dev/initctl Compatibility Named Pipe.
[[0;32m  OK  [0m] Listening on LVM2 poll daemon socket.
[[0;32m  OK  [0m] Reached target Slices.
[[0;32m  OK  [0m] Listening on Journal Socket.
         Starting Load Kernel Modules...
         Starting Create list of required stâ€¦ce nodes for the current kernel...
         Starting Uncomplicated firewall...
         Mounting Kernel Debug File System...
[[0;32m  OK  [0m] Listening on Journal Audit Socket.
[[0;32m  OK  [0m] Listening on Journal Socket (/dev/log).
[[0;32m  OK  [0m] Listening on udev Control Socket.
[    6.513656] Loading iSCSI transport class v2.0-870.
         Starting udev Coldplug all Devices...
[[0;32m  OK  [0m] Listening on Device-mapper event daemon FIFOs.
         Starting Monitoring of LVM2 mirrorsâ€¦ng dmeventd or progress polling...
[    6.527237] iscsi: registered transport (tcp)
         Starting Set the console keyboard layout...
[[0;32m  OK  [0m] Created slice system-serial\x2dgetty.slice.
         Mounting POSIX Message Queue File System...
[[0;32m  OK  [0m] Reached target System Time Synchronized.
         Mounting Huge Pages File System...
[[0;32m  OK  [0m] Listening on Syslog Socket.
         Starting Journal Service...
[[0;32m  OK  [0m] Listening on fsck to fsckd communication Socket.
         Starting File System Check on Root Device...
[[0;32m  OK  [0m] Started Create list of required staâ€¦vice nodes for the current kernel.
[[0;32m  OK  [0m] Started Uncomplicated firewall.
[[0;32m  OK  [0m] Started LVM2 metadata daemon.
         Starting Create Static Device Nodes in /dev...
[[0;32m  OK  [0m] Mounted Kernel Debug File System.
[[0;32m  OK  [0m] Mounted Huge Pages File System.
[[0;32m  OK  [0m] Mounted POSIX Message Queue File System.
[[0;32m  OK  [0m] Started File System Check Daemon to report status.
[[0;32m  OK  [0m] Started udev Coldplug all Devices.
[[0;32m  OK  [0m] Started Create Static Device Nodes in /dev.
[[0;32m  OK  [0m] Started Journal Service.
[[0;32m  OK  [0m] Started File System Check on Root Device.
         Starting Remount Root and Kernel File Systems...
[    6.755918] iscsi: registered transport (iser)
[[0;32m  OK  [0m] Started Load Kernel Modules.
         Mounting Kernel Configuration File System...
         Mounting FUSE Control File System...
         Starting Apply Kernel Variables...
[[0;32m  OK  [0m] Mounted Kernel Configuration File System.
[[0;32m  OK  [0m] Mounted FUSE Control File System.
[[0;32m  OK  [0m] Started Monitoring of LVM2 mirrors,â€¦sing dmeventd or progress polling.
[[0;32m  OK  [0m] Started Remount Root and Kernel File Systems.
         Starting Load/Save Random Seed...
         Starting Flush Journal to Persistent Storage...
         Starting udev Kernel Device Manager...
[[0;32m  OK  [0m] Started Apply Kernel Variables.
[[0;32m  OK  [0m] Started Load/Save Random Seed.
[[0;32m  OK  [0m] Started udev Kernel Device Manager.
[[0;32m  OK  [0m] Started Flush Journal to Persistent Storage.
[[0;32m  OK  [0m] Found device /dev/ttyS0.
[[0;32m  OK  [0m] Listening on Load/Save RF Kill Switch Status /dev/rfkill Watch.
         Mounting Arbitrary Executable File Formats File System...
[[0;32m  OK  [0m] Mounted Arbitrary Executable File Formats File System.
[[0;32m  OK  [0m] Started Set the console keyboard layout.
[[0;32m  OK  [0m] Reached target Local File Systems (Pre).
[[0;32m  OK  [0m] Reached target Local File Systems.
         Starting Commit a transient machine-id on disk...
         Starting AppArmor initialization...
         Starting ebtables ruleset management...
         Starting Tell Plymouth To Write Out Runtime Data...
         Starting Create Volatile Files and Directories...
         Starting Set console font and keymap...
[[0;32m  OK  [0m] Started Dispatch Password Requests to Console Directory Watch.
[[0;32m  OK  [0m] Reached target Local Encrypted Volumes.
[[0;32m  OK  [0m] Started Tell Plymouth To Write Out Runtime Data.
[[0;32m  OK  [0m] Started Create Volatile Files and Directories.
         Starting Update UTMP about System Boot/Shutdown...
[[0;32m  OK  [0m] Started Update UTMP about System Boot/Shutdown.
[[0;32m  OK  [0m] Started Commit a transient machine-id on disk.
[[0;32m  OK  [0m] Started ebtables ruleset management.
[[0;32m  OK  [0m] Started AppArmor initialization.
         Starting Load AppArmor profiles managed internally by snapd...
         Starting Initial cloud-init job (pre-networking)...
[[0;32m  OK  [0m] Started Load AppArmor profiles managed internally by snapd.
[[0;32m  OK  [0m] Started Set console font and keymap.
[    9.818344] cloud-init[859]: Cloud-init v. 22.4.2-0ubuntu0~18.04.1 running 'init-local' at Mon, 23 Jan 2023 05:54:44 +0000. Up 9.53 seconds.
[[0;32m  OK  [0m] Started Initial cloud-init job (pre-networking).
[[0;32m  OK  [0m] Reached target Network (Pre).
         Starting Network Service...
[[0;32m  OK  [0m] Started Network Service.
         Starting Wait for Network to be Configured...
         Starting Network Name Resolution...
[[0;32m  OK  [0m] Started Network Name Resolution.
[[0;32m  OK  [0m] Reached target Network.
[[0;32m  OK  [0m] Reached target Host and Network Name Lookups.
[[0;32m  OK  [0m] Started Wait for Network to be Configured.
         Starting Initial cloud-init job (metadata service crawler)...
[   12.143010] cloud-init[1037]: Cloud-init v. 22.4.2-0ubuntu0~18.04.1 running 'init' at Mon, 23 Jan 2023 05:54:47 +0000. Up 12.02 seconds.
[   12.148108] cloud-init[1037]: ci-info: ++++++++++++++++++++++++++++++++++++++Net device info+++++++++++++++++++++++++++++++++++++++
[   12.152872] cloud-init[1037]: ci-info: +--------+-------+----------------------------+---------------+--------+-------------------+
[   12.157404] cloud-init[1037]: ci-info: | Device |   Up  |          Address           |      Mask     | Scope  |     Hw-Address    |
[   12.162185] cloud-init[1037]: ci-info: +--------+-------+----------------------------+---------------+--------+-------------------+
[   12.166913] cloud-init[1037]: ci-info: | enp0s3 |  True |         10.0.2.15          | 255.255.255.0 | global | 02:40:49:ac:f0:20 |
[   12.170426] cloud-init[1037]: ci-info: | enp0s3 |  True | fe80::40:49ff:feac:f020/64 |       .       |  link  | 02:40:49:ac:f0:20 |
[   12.175195] cloud-init[1037]: ci-info: | enp0s8 | False |             .              |       .       |   .    | 08:00:27:2f:ba:9b |
[   12.179872] cloud-init[1037]: ci-info: |   lo   |  True |         127.0.0.1          |   255.0.0.0   |  host  |         .         |
[   12.185103] cloud-init[1037]: ci-info: |   lo   |  True |          ::1/128           |       .       |  host  |         .         |
[   12.190064] cloud-init[1037]: ci-info: +--------+-------+----------------------------+---------------+--------+-------------------+
[   12.196855] cloud-init[1037]: ci-info: ++++++++++++++++++++++++++++Route IPv4 info+++++++++++++++++++++++++++++
[   12.201290] cloud-init[1037]: ci-info: +-------+-------------+----------+-----------------+-----------+-------+
[   12.206072] cloud-init[1037]: ci-info: | Route | Destination | Gateway  |     Genmask     | Interface | Flags |
[   12.210809] cloud-init[1037]: ci-info: +-------+-------------+----------+-----------------+-----------+-------+
[   12.215859] cloud-init[1037]: ci-info: |   0   |   0.0.0.0   | 10.0.2.2 |     0.0.0.0     |   enp0s3  |   UG  |
[   12.220312] cloud-init[1037]: ci-info: |   1   |   10.0.2.0  | 0.0.0.0  |  255.255.255.0  |   enp0s3  |   U   |
[   12.225017] cloud-init[1037]: ci-info: |   2   |   10.0.2.2  | 0.0.0.0  | 255.255.255.255 |   enp0s3  |   UH  |
[   12.229580] cloud-init[1037]: ci-info: +-------+-------------+----------+-----------------+-----------+-------+
[   12.233950] cloud-init[1037]: ci-info: +++++++++++++++++++Route IPv6 info+++++++++++++++++++
[   12.238209] cloud-init[1037]: ci-info: +-------+-------------+---------+-----------+-------+
[   12.242034] cloud-init[1037]: ci-info: | Route | Destination | Gateway | Interface | Flags |
[   12.245880] cloud-init[1037]: ci-info: +-------+-------------+---------+-----------+-------+
[   12.249704] cloud-init[1037]: ci-info: |   1   |  fe80::/64  |    ::   |   enp0s3  |   U   |
[   12.253647] cloud-init[1037]: ci-info: |   3   |    local    |    ::   |   enp0s3  |   U   |
[   12.257571] cloud-init[1037]: ci-info: |   4   |   ff00::/8  |    ::   |   enp0s3  |   U   |
[   12.262052] cloud-init[1037]: ci-info: +-------+-------------+---------+-----------+-------+
[   12.919955] cloud-init[1037]: Generating public/private rsa key pair.
[   12.923784] cloud-init[1037]: Your identification has been saved in /etc/ssh/ssh_host_rsa_key.
[   12.928516] cloud-init[1037]: Your public key has been saved in /etc/ssh/ssh_host_rsa_key.pub.
[   12.933385] cloud-init[1037]: The key fingerprint is:
[   12.937285] cloud-init[1037]: SHA256:Q3UEIwT5gONzm1kkdj/rZL5+VyKXgR0Snse0RstgYhc root@ubuntu-bionic
[   12.942331] cloud-init[1037]: The key's randomart image is:
[   12.946149] cloud-init[1037]: +---[RSA 2048]----+
[   12.949665] cloud-init[1037]: |     ..+o *oEoo  |
[   12.952992] cloud-init[1037]: |    o = o+ B.B.o |
[   12.956363] cloud-init[1037]: |   . o *..  o+B. |
[   12.959531] cloud-init[1037]: |    o ..o o .oo  |
[   12.962937] cloud-init[1037]: |     o =S  o   o |
[   12.966255] cloud-init[1037]: |      +  .+ . + .|
[   12.969741] cloud-init[1037]: |         =   o o |
[   12.973210] cloud-init[1037]: |          o . .  |
[   12.976849] cloud-init[1037]: |         .oo .   |
[   12.980479] cloud-init[1037]: +----[SHA256]-----+
[   12.984526] cloud-init[1037]: Generating public/private dsa key pair.
[   12.988245] cloud-init[1037]: Your identification has been saved in /etc/ssh/ssh_host_dsa_key.
[   12.993561] cloud-init[1037]: Your public key has been saved in /etc/ssh/ssh_host_dsa_key.pub.
[   12.998745] cloud-init[1037]: The key fingerprint is:
[   13.002127] cloud-init[1037]: SHA256:Izq/yNSs/B86VPkXalH7Bkpi+3cVPzqleLcR9As8Xfo root@ubuntu-bionic
[   13.007271] [[0;32m  OK  [0m] Started Initial cloud-init job (metadata service crawler).
[[0;32m  OK  [0m] Reached target System Initialization.
[[0;32m  OK  [0m] Started Daily apt download activities.
[[0;32m  OK  [0m] Listening on Open-iSCSI iscsid Socket.
[[0;32m  OK  [0m] Started Daily apt upgrade and clean activities.
[[0;32m  OK  [0m] Started Message of the Day.
[[0;32m  OK  [0m] Started Ubuntu Advantage Timer for running repeated jobs.
cloud-init[1037]: The key's randomart image is:
[[0;32m  OK  [0m] Started ACPI Events Check.
[   13.022235] [[0;32m  OK  [0m] Reached target Paths.
[[0;32m  OK  [0m] Listening on UUID daemon activation socket.
[[0;32m  OK  [0m] Started Daily Cleanup of Temporary Directories.
[[0;32m  OK  [0m] Listening on cloud-init hotplug hook socket.
         Starting LXD - unix socket.
[[0;32m  OK  [0m] Listening on ACPID Listen Socket.
         Starting Socket activation for snappy daemon.
[[0;32m  OK  [0m] Listening on D-Bus System Message Bus Socket.
[[0;32m  OK  [0m] Started Discard unused blocks once a week.
[[0;32m  OK  [0m] Reached target Timers.
[[0;32m  OK  [0m] Reached target Network is Online.
[[0;32m  OK  [0m] Reached target Remote File Systems (Pre).
[[0;32m  OK  [0m] Reached target Remote File Systems.
         Starting Availability of block devices...
[[0;32m  OK  [0m] Reached target Cloud-config availability.
[[0;32m  OK  [0m] Listening on LXD - unix socket.
cloud-init[[0;32m  OK  [0m] Listening on Socket activation for snappy daemon.
[[0;32m  OK  [0m] Reached target Sockets.
[[0;32m  OK  [0m] Reached target Basic System.
         Starting LSB: automatic crash report generation...
         Starting Virtualbox guest utils...
[[0;32m  OK  [0m] Started FUSE filesystem for LXC.
[1037]: +---[DSA 1024]----+         Starting Accounts Service...
         Starting LXD - container startup/shutdown...

[   13.060005] cloud-init[1037]: |                 |
[   13.063383] cloud-init[1037]: [[0;32m  OK  [0m] Started Regular background program processing daemon.
         Starting LSB: Record successful boot for GRUB...
|            .    |[[0;32m  OK  [0m] Started irqbalance daemon.
         Starting Permit User Sessions...
[[0;32m  OK  [0m] Reached target Login Prompts (Pre).

[   13.077856] cloud-init[1037]: |         . . . ..|
[[0;32m  OK  [0m] Started D-Bus System Message Bus.
[   13.085446] cloud-init[1037]: |        = o = ooo|
[   13.090520] cloud-init[1037]: |      .oS= + B.o+|
[   13.094805] cloud-init[1037]: |     +....= . =+=|
[   13.097581] cloud-init[1037]: |    +.o .o ...++E|
[   13.100625] cloud-init[1037]: |   + =.. ....=...|
[   13.103582] cloud-init[1037]: |    =.=+.  ...o..|
[   13.106613] cloud-init[1037]: +----[SHA256]-----+
[   13.110131] cloud-init[1037]: Generating public/private ecdsa key pair.
[   13.114393] cloud-init[1037]: Your identification has been saved in /etc/ssh/ssh_host_ecdsa_key.
[   13.118646] cloud-init[1037]: Your public key has been saved in /etc/ssh/ssh_host_ecdsa_key.pub.
[   13.123543] cloud-init[1037]: The key fingerprint is:
[   13.127180] cloud-init[1037]: SHA256:nElBfRmtxj3ynp/PuNKlE/sw/jhTXFkEsA4zQV72Zh0 root@ubuntu-bionic
[   13.132827] cloud-init[1037]: The key's randomart image is:
[   13.136298] cloud-init[1037]: +---[ECDSA 256]---+
[   13.144374] cloud-init[1037]: |       .ooo ==.E.|
[   13.147829] cloud-init[1037]: |         o.+oo..o|
[   13.151067] cloud-init[1037]: |        . =o.o+ +|
[   13.154629] cloud-init[1037]: |       o o ==oo..|
[   13.157792] cloud-init[1037]: |        S  ..o o.|
[   13.161014] cloud-init[1037]: |              o +|
[   13.164028] cloud-init[1037]: |             ooB |
[   13.166717] cloud-init[1037]: |            ..X*.|
[   13.169592] cloud-init[1037]: |             .=XB|
[   13.172464] cloud-init[1037]: +----[SHA256]-----+
[   13.175238] cloud-init[1037]: Generating public/private ed25519 key pair.
[   13.178608] cloud-init[1037]: Your identification has been saved in /etc/ssh/ssh_host_ed25519_key.
[   13.182903] cloud-init[1037]: Your public key has been saved in /etc/ssh/ssh_host_ed25519_key.pub.
[   13.186681] cloud-init[1037]: The key fingerprint is:
[   13.189525] cloud-init[1037]: SHA256:HDSqaw/gfoN5n/CMTjx0jjQg1pDCPYmg49iaxebBB4c root@ubuntu-bionic
[   13.196895] cloud-init[1037]: The key's randomart image is:
[   13.198504] cloud-init[1037]: +--[ED25519 256]--+
[   13.199877] cloud-init[1037]: |+.+ .   o        |
[   13.201436] cloud-init[1037]: |o+o=   o .       |
[   13.203044] cloud-init[1037]: |=.E.o . .        |
[   13.206363] cloud-init[1037]: |+* + . . .       |
[   13.210216] cloud-init[1037]: |..O * . S        |
[   13.211768] cloud-init[1037]: | B B *           |
[   13.213572] cloud-init[1037]: |o ooX .          |
[   13.215240] cloud-init[1037]: | .oo+O .         |
[   13.217229] cloud-init[1037]: |  .+oo*          |
[   13.218727] cloud-init[1037]: +----[SHA256]-----+
[[0;32m  OK  [0m] Started Deferred execution scheduler.
         Starting System Logging Service...
         Starting Snap Daemon...
         Starting Pollinate to seed the pseudo random number generator...
         Starting Login Service...
         Starting Dispatcher daemon for systemd-networkd...
[[0;32m  OK  [0m] Started Availability of block devices.
[[0;32m  OK  [0m] Started Permit User Sessions.
[[0;32m  OK  [0m] Started System Logging Service.
         Starting Authorization Manager...
         Starting Hold until boot process finishes up...
         Starting Terminate Plymouth Boot Screen...
[[0;32m  OK  [0m] Started Hold until boot process finishes up.
[[0;32m  OK  [0m] Started Login Service.
[[0;32m  OK  [0m] Started Unattended Upgrades Shutdown.
[[0;32m  OK  [0m] Started Serial Getty on ttyS0.
         Starting Set console scheme...
[[0;32m  OK  [0m] Started LSB: automatic crash report generation.
[[0;32m  OK  [0m] Started Terminate Plymouth Boot Screen.
[[0;32m  OK  [0m] Started LSB: Record successful boot for GRUB.
[[0;32m  OK  [0m] Started Set console scheme.
[[0;32m  OK  [0m] Created slice system-getty.slice.
[[0;32m  OK  [0m] Started Getty on tty1.
[[0;32m  OK  [0m] Reached target Login Prompts.
[[0;32m  OK  [0m] Started Authorization Manager.
[[0;32m  OK  [0m] Started Accounts Service.
[[0;32m  OK  [0m] Started LXD - container startup/shutdown.
[[0;32m  OK  [0m] Started Virtualbox guest utils.
[[0;32m  OK  [0m] Started Dispatcher daemon for systemd-networkd.
[[0;32m  OK  [0m] Started Snap Daemon.
         Starting Wait until snapd is fully seeded...
         Starting Time & Date Service...
[[0;32m  OK  [0m] Started Time & Date Service.
[[0;32m  OK  [0m] Started Pollinate to seed the pseudo random number generator.
         Starting OpenBSD Secure Shell server...
[[0;32m  OK  [0m] Started OpenBSD Secure Shell server.
[[0;32m  OK  [0m] Created slice User Slice of vagrant.
         Starting User Manager for UID 1000...
[[0;32m  OK  [0m] Started Session 1 of user vagrant.
[[0;32m  OK  [0m] Started User Manager for UID 1000.

Ubuntu 18.04.6 LTS ubuntu-bionic ttyS0

ubuntu-bionic login: [   22.387311] cloud-init[2040]: Cloud-init v. 22.4.2-0ubuntu0~18.04.1 running 'modules:config' at Mon, 23 Jan 2023 05:54:57 +0000. Up 21.95 seconds.
ci-info: no authorized SSH keys fingerprints found for user ubuntu.
<14>Jan 23 05:54:58 cloud-init: #############################################################
<14>Jan 23 05:54:58 cloud-init: -----BEGIN SSH HOST KEY FINGERPRINTS-----
<14>Jan 23 05:54:58 cloud-init: 1024 SHA256:Izq/yNSs/B86VPkXalH7Bkpi+3cVPzqleLcR9As8Xfo root@ubuntu-bionic (DSA)
<14>Jan 23 05:54:58 cloud-init: 256 SHA256:nElBfRmtxj3ynp/PuNKlE/sw/jhTXFkEsA4zQV72Zh0 root@ubuntu-bionic (ECDSA)
<14>Jan 23 05:54:58 cloud-init: 256 SHA256:HDSqaw/gfoN5n/CMTjx0jjQg1pDCPYmg49iaxebBB4c root@ubuntu-bionic (ED25519)
<14>Jan 23 05:54:58 cloud-init: 2048 SHA256:Q3UEIwT5gONzm1kkdj/rZL5+VyKXgR0Snse0RstgYhc root@ubuntu-bionic (RSA)
<14>Jan 23 05:54:58 cloud-init: -----END SSH HOST KEY FINGERPRINTS-----
<14>Jan 23 05:54:58 cloud-init: #############################################################
-----BEGIN SSH HOST KEY KEYS-----
ecdsa-sha2-nistp256 AAAAE2VjZHNhLXNoYTItbmlzdHAyNTYAAAAIbmlzdHAyNTYAAABBBOIIbNDsvwG+rNe5FSdrwB84q74L6vXytyr/MFJ2Od2TuzVRnXvF2PeG6Uxg9MWaIoIWhhFsSAoRHgqyAzPB/Wc= root@ubuntu-bionic
ssh-ed25519 AAAAC3NzaC1lZDI1NTE5AAAAINa07qfq4YH4AZV8eDqI9g9pJigBdUVx9+ydObYLHmW2 root@ubuntu-bionic
ssh-rsa AAAAB3NzaC1yc2EAAAADAQABAAABAQD5b4bq5huJvnc+pqssrHGhVooNiBzpKUIM4d4a/2d9y6YgZW+He+qaBhEd1/AA5KFmJpDPtl8+Me9en6OPFwpgRyNDen4gXYg2VD6WjHs1E4ner0e1Ztb+QV/Twm5SyWUyU+YfoCiesUuUu4fX52oZVcyWuvE9dZGb2UDrkx7eV56IRP0ytZ8Z7Slvx2pByXeuVuHkK8O7vzC4iRhBcVwhJUELxXWwkcKFH+78TiXfo6kk0VrRHe5HuOFyITycGdXHAgrTb5jGzEAACOy+MDo/aEh2jOgkrXR7vp5rsBQ5aO/6jMCF1f/QTsjRnjdBKakXCZbqC6mXuN6KK15hkRcH root@ubuntu-bionic
-----END SSH HOST KEY KEYS-----
[   23.047974] cloud-init[2269]: Cloud-init v. 22.4.2-0ubuntu0~18.04.1 running 'modules:final' at Mon, 23 Jan 2023 05:54:58 +0000. Up 22.86 seconds.
[   23.048062] cloud-init[2269]: Cloud-init v. 22.4.2-0ubuntu0~18.04.1 finished at Mon, 23 Jan 2023 05:54:58 +0000. Datasource DataSourceNoCloud [seed=/dev/sdb][dsmode=net].  Up 23.04 seconds
[[0;32m  OK  [0m] Stopped target Timers.
[[0;32m  OK  [0m] Stopped Message of the Day.
[[0;32m  OK  [0m] Stopped Ubuntu Advantage Timer for running repeated jobs.
[[0;32m  OK  [0m] Stopped Discard unused blocks once a week.
[[0;32m  OK  [0m] Stopped target Graphical Interface.
[[0;32m  OK  [0m] Closed Load/Save RF Kill Switch Status /dev/rfkill Watch.
[[0;32m  OK  [0m] Stopped target Cloud-init target.
[[0;32m  OK  [0m] Stopped Daily Cleanup of Temporary Directories.
[[0;32m  OK  [0m] Stopped Daily apt upgrade and clean activities.
         Stopping Accounts Service...
[[0;32m  OK  [0m] Stopped Daily apt download activities.
[[0;32m  OK  [0m] Stopped target System Time Synchronized.
         Stopping User Manager for UID 1000...
         Stopping Authorization Manager...
         Stopping Availability of block devices...
[[0;32m  OK  [0m] Stopped Execute cloud user/final scripts.
[[0;32m  OK  [0m] Stopped Apply the settings specified in cloud-config.
[[0;32m  OK  [0m] Stopped target Cloud-config availability.
[[0;32m  OK  [0m] Stopped target Multi-User System.
         Stopping LXD - container startup/shutdown...
         Stopping Regular background program processing daemon...
         Stopping Deferred execution scheduler...
         Stopping Dispatcher daemon for systemd-networkd...
         Stopping irqbalance daemon...
         Stopping FUSE filesystem for LXC...
[[0;32m  OK  [0m] Stopped target Login Prompts.
         Stopping Serial Getty on ttyS0...
         Stopping Getty on tty1...
         Stopping LSB: Record successful boot for GRUB...
         Stopping Virtualbox guest utils...
         Stopping OpenBSD Secure Shell server...
         Stopping The Apache HTTP Server...
         Stopping System Logging Service...
         Stopping LSB: automatic crash report generation...
         Stopping D-Bus System Message Bus...
[[0;32m  OK  [0m] Stopped Wait until snapd is fully seeded.
         Stopping Session 24 of user vagrant.
[[0;32m  OK  [0m] Unmounted /var/lib/lxcfs.
[[0;32m  OK  [0m] Stopped Accounts Service.
[[0;32m  OK  [0m] Stopped Regular background program processing daemon.
[[0;32m  OK  [0m] Stopped irqbalance daemon.
[[0;32m  OK  [0m] Stopped Deferred execution scheduler.
[[0;32m  OK  [0m] Stopped System Logging Service.
[[0;32m  OK  [0m] Stopped Dispatcher daemon for systemd-networkd.
[[0;32m  OK  [0m] Stopped Authorization Manager.
[[0;32m  OK  [0m] Stopped Serial Getty on ttyS0.
[[0;32m  OK  [0m] Stopped Getty on tty1.
[[0;32m  OK  [0m] Stopped OpenBSD Secure Shell server.
[[0;32m  OK  [0m] Stopped User Manager for UID 1000.
[[0;32m  OK  [0m] Stopped Availability of block devices.
[[0;32m  OK  [0m] Stopped D-Bus System Message Bus.
[[0;32m  OK  [0m] Stopped FUSE filesystem for LXC.
[[0;32m  OK  [0m] Stopped Session 24 of user vagrant.
[[0;32m  OK  [0m] Stopped LXD - container startup/shutdown.
[[0;32m  OK  [0m] Stopped The Apache HTTP Server.
[[0;32m  OK  [0m] Stopped target Host and Network Name Lookups.
[[0;32m  OK  [0m] Removed slice User Slice of vagrant.
         Stopping Login Service...
[[0;32m  OK  [0m] Removed slice system-getty.slice.
[[0;32m  OK  [0m] Stopped target Login Prompts (Pre).
         Stopping Permit User Sessions...
[[0;32m  OK  [0m] Removed slice system-serial\x2dgetty.slice.
[[0;32m  OK  [0m] Stopped LSB: Record successful boot for GRUB.
[[0;32m  OK  [0m] Stopped Virtualbox guest utils.
[[0;32m  OK  [0m] Stopped LSB: automatic crash report generation.
[[0;32m  OK  [0m] Stopped Permit User Sessions.
[[0;32m  OK  [0m] Stopped target Remote File Systems.
         Unmounting /vagrant...
[[0;32m  OK  [0m] Unmounted /vagrant.
[[0;32m  OK  [0m] Stopped target Remote File Systems (Pre).
[[0;32m  OK  [0m] Stopped target Network is Online.
[[0;32m  OK  [0m] Stopped target Network.
         Stopping Network Name Resolution...
[[0;32m  OK  [0m] Stopped Network Name Resolution.
         Stopping Network Service...
[[0;32m  OK  [0m] Stopped Login Service.
[[0;32m  OK  [0m] Stopped target Basic System.
[[0;32m  OK  [0m] Stopped target Slices.
[[0;32m  OK  [0m] Stopped target Paths.
[[0;32m  OK  [0m] Stopped ACPI Events Check.
[[0;32m  OK  [0m] Stopped target Sockets.
[[0;32m  OK  [0m] Closed cloud-init hotplug hook socket.
[[0;32m  OK  [0m] Closed ACPID Listen Socket.
[[0;32m  OK  [0m] Closed Open-iSCSI iscsid Socket.
[[0;32m  OK  [0m] Closed LXD - unix socket.
[[0;32m  OK  [0m] Closed Socket activation for snappy daemon.
[[0;32m  OK  [0m] Closed Syslog Socket.
[[0;32m  OK  [0m] Closed UUID daemon activation socket.
[[0;32m  OK  [0m] Closed D-Bus System Message Bus Socket.
[[0;32m  OK  [0m] Stopped target System Initialization.
[[0;32m  OK  [0m] Stopped target Local Encrypted Volumes.
[[0;32m  OK  [0m] Stopped Forward Password Requests to Wall Directory Watch.
[[0;32m  OK  [0m] Stopped Dispatch Password Requests to Console Directory Watch.
[[0;32m  OK  [0m] Stopped Initial cloud-init job (metadata service crawler).
         Stopping Load/Save Random Seed...
         Stopping Update UTMP about System Boot/Shutdown...
[[0;32m  OK  [0m] Stopped Commit a transient machine-id on disk.
[[0;32m  OK  [0m] Removed slice User and Session Slice.
[[0;32m  OK  [0m] Stopped target User and Group Name Lookups.
[[0;32m  OK  [0m] Stopped Network Service.
[[0;32m  OK  [0m] Stopped Load/Save Random Seed.
[[0;32m  OK  [0m] Stopped Update UTMP about System Boot/Shutdown.
[[0;32m  OK  [0m] Stopped Create Volatile Files and Directories.
[[0;32m  OK  [0m] Stopped target Local File Systems.
         Unmounting /run/user/1000...
[[0;32m  OK  [0m] Stopped target Network (Pre).
[[0;32m  OK  [0m] Stopped Initial cloud-init job (pre-networking).
[[0;32m  OK  [0m] Stopped Apply Kernel Variables.
[[0;32m  OK  [0m] Stopped Load Kernel Modules.
[[0;32m  OK  [0m] Unmounted /run/user/1000.
[[0;32m  OK  [0m] Reached target Unmount All Filesystems.
[[0;32m  OK  [0m] Stopped target Local File Systems (Pre).
[[0;32m  OK  [0m] Stopped Remount Root and Kernel File Systems.
[[0;32m  OK  [0m] Stopped Create Static Device Nodes in /dev.
         Stopping Monitoring of LVM2 mirrorsâ€¦ng dmeventd or progress polling...
[[0;32m  OK  [0m] Stopped target Swap.
[[0;32m  OK  [0m] Reached target Shutdown.
[[0;32m  OK  [0m] Reached target Final Step.
         Starting Power-Off...
[ 3699.999650] reboot: Power down
